Z80 Module Assembler 2.8.5, (c) InterLogic 1993-2009, Paulo Custodio 2011-2016                    Fri Apr 15 14:42:27 2016
Page 001                                                                      'C:\Users\marc\AppData\Local\Temp\s6b0_.lst'


1     0000              ;--------------------------------------------------------
2     0000              ; File Created by SDCC : free open source ANSI-C Compiler
3     0000              ; Version 3.5.5 #9516 (MSVC)
4     0000              ;--------------------------------------------------------
5     0000              ; Processed by Z88DK
6     0000              ;--------------------------------------------------------
7     0000              	EXTERN __divschar
8     0000              	EXTERN __divschar_callee
9     0000              	EXTERN __divsint
10    0000              	EXTERN __divsint_callee
11    0000              	EXTERN __divslong
12    0000              	EXTERN __divslong_callee
13    0000              	EXTERN __divslonglong
14    0000              	EXTERN __divslonglong_callee
15    0000              	EXTERN __divsuchar
16    0000              	EXTERN __divsuchar_callee
17    0000              	EXTERN __divuchar
18    0000              	EXTERN __divuchar_callee
19    0000              	EXTERN __divuint
20    0000              	EXTERN __divuint_callee
21    0000              	EXTERN __divulong
22    0000              	EXTERN __divulong_callee
23    0000              	EXTERN __divulonglong
24    0000              	EXTERN __divulonglong_callee
25    0000              	EXTERN __divuschar
26    0000              	EXTERN __divuschar_callee
27    0000              	EXTERN __modschar
28    0000              	EXTERN __modschar_callee
29    0000              	EXTERN __modsint
30    0000              	EXTERN __modsint_callee
31    0000              	EXTERN __modslong
32    0000              	EXTERN __modslong_callee
33    0000              	EXTERN __modslonglong
34    0000              	EXTERN __modslonglong_callee
35    0000              	EXTERN __modsuchar
36    0000              	EXTERN __modsuchar_callee
37    0000              	EXTERN __moduchar
38    0000              	EXTERN __moduchar_callee
39    0000              	EXTERN __moduint
40    0000              	EXTERN __moduint_callee
41    0000              	EXTERN __modulong
42    0000              	EXTERN __modulong_callee
43    0000              	EXTERN __modulonglong
44    0000              	EXTERN __modulonglong_callee
45    0000              	EXTERN __moduschar
46    0000              	EXTERN __moduschar_callee
47    0000              	EXTERN __mulint
48    0000              	EXTERN __mulint_callee
49    0000              	EXTERN __mullong
50    0000              	EXTERN __mullong_callee
51    0000              	EXTERN __mullonglong
52    0000              	EXTERN __mullonglong_callee
53    0000              	EXTERN __mulschar
54    0000              	EXTERN __mulschar_callee
55    0000              	EXTERN __mulsuchar
56    0000              	EXTERN __mulsuchar_callee
57    0000              	EXTERN __muluschar
58    0000              	EXTERN __muluschar_callee
59    0000              	EXTERN __rlslonglong
60    0000              	EXTERN __rlslonglong_callee
61    0000              	EXTERN __rlulonglong

Z80 Module Assembler 2.8.5, (c) InterLogic 1993-2009, Paulo Custodio 2011-2016                    Fri Apr 15 14:42:27 2016
Page 002                                                                      'C:\Users\marc\AppData\Local\Temp\s6b0_.lst'


62    0000              	EXTERN __rlulonglong_callee
63    0000              	EXTERN __rrslonglong
64    0000              	EXTERN __rrslonglong_callee
65    0000              	EXTERN __rrulonglong
66    0000              	EXTERN __rrulonglong_callee
67    0000              	EXTERN ___sdcc_call_hl
68    0000              	EXTERN ___sdcc_call_iy
69    0000              	EXTERN ___sdcc_enter_ix
70    0000              	EXTERN _banked_call
71    0000              	EXTERN _banked_ret
72    0000              	EXTERN ___fs2schar
73    0000              	EXTERN ___fs2schar_callee
74    0000              	EXTERN ___fs2sint
75    0000              	EXTERN ___fs2sint_callee
76    0000              	EXTERN ___fs2slong
77    0000              	EXTERN ___fs2slong_callee
78    0000              	EXTERN ___fs2uchar
79    0000              	EXTERN ___fs2uchar_callee
80    0000              	EXTERN ___fs2uint
81    0000              	EXTERN ___fs2uint_callee
82    0000              	EXTERN ___fs2ulong
83    0000              	EXTERN ___fs2ulong_callee
84    0000              	EXTERN ___fsadd
85    0000              	EXTERN ___fsadd_callee
86    0000              	EXTERN ___fsdiv
87    0000              	EXTERN ___fsdiv_callee
88    0000              	EXTERN ___fseq
89    0000              	EXTERN ___fseq_callee
90    0000              	EXTERN ___fsgt
91    0000              	EXTERN ___fsgt_callee
92    0000              	EXTERN ___fslt
93    0000              	EXTERN ___fslt_callee
94    0000              	EXTERN ___fsmul
95    0000              	EXTERN ___fsmul_callee
96    0000              	EXTERN ___fsneq
97    0000              	EXTERN ___fsneq_callee
98    0000              	EXTERN ___fssub
99    0000              	EXTERN ___fssub_callee
100   0000              	EXTERN ___schar2fs
101   0000              	EXTERN ___schar2fs_callee
102   0000              	EXTERN ___sint2fs
103   0000              	EXTERN ___sint2fs_callee
104   0000              	EXTERN ___slong2fs
105   0000              	EXTERN ___slong2fs_callee
106   0000              	EXTERN ___uchar2fs
107   0000              	EXTERN ___uchar2fs_callee
108   0000              	EXTERN ___uint2fs
109   0000              	EXTERN ___uint2fs_callee
110   0000              	EXTERN ___ulong2fs
111   0000              	EXTERN ___ulong2fs_callee
112   0000              
113   0000              ;--------------------------------------------------------
114   0000              ; Public variables in this module
115   0000              ;--------------------------------------------------------
116   0000              	GLOBAL _main
117   0000              ;--------------------------------------------------------
118   0000              ; Externals used
119   0000              ;--------------------------------------------------------
120   0000              	GLOBAL _vscanf_unlocked_callee
121   0000              	GLOBAL _vscanf_unlocked
122   0000              	GLOBAL _vprintf_unlocked_callee

Z80 Module Assembler 2.8.5, (c) InterLogic 1993-2009, Paulo Custodio 2011-2016                    Fri Apr 15 14:42:27 2016
Page 003                                                                      'C:\Users\marc\AppData\Local\Temp\s6b0_.lst'


123   0000              	GLOBAL _vprintf_unlocked
124   0000              	GLOBAL _vfscanf_unlocked_callee
125   0000              	GLOBAL _vfscanf_unlocked
126   0000              	GLOBAL _vfprintf_unlocked_callee
127   0000              	GLOBAL _vfprintf_unlocked
128   0000              	GLOBAL _ungetc_unlocked_callee
129   0000              	GLOBAL _ungetc_unlocked
130   0000              	GLOBAL _scanf_unlocked
131   0000              	GLOBAL _rewind_unlocked_fastcall
132   0000              	GLOBAL _rewind_unlocked
133   0000              	GLOBAL _puts_unlocked_fastcall
134   0000              	GLOBAL _puts_unlocked
135   0000              	GLOBAL _putchar_unlocked_fastcall
136   0000              	GLOBAL _putchar_unlocked
137   0000              	GLOBAL _putc_unlocked_callee
138   0000              	GLOBAL _putc_unlocked
139   0000              	GLOBAL _printf_unlocked
140   0000              	GLOBAL _gets_unlocked_fastcall
141   0000              	GLOBAL _gets_unlocked
142   0000              	GLOBAL _getline_unlocked_callee
143   0000              	GLOBAL _getline_unlocked
144   0000              	GLOBAL _getdelim_unlocked_callee
145   0000              	GLOBAL _getdelim_unlocked
146   0000              	GLOBAL _getchar_unlocked
147   0000              	GLOBAL _getc_unlocked_fastcall
148   0000              	GLOBAL _getc_unlocked
149   0000              	GLOBAL _fwrite_unlocked_callee
150   0000              	GLOBAL _fwrite_unlocked
151   0000              	GLOBAL _ftell_unlocked_fastcall
152   0000              	GLOBAL _ftell_unlocked
153   0000              	GLOBAL _fsetpos_unlocked_callee
154   0000              	GLOBAL _fsetpos_unlocked
155   0000              	GLOBAL _fseek_unlocked_callee
156   0000              	GLOBAL _fseek_unlocked
157   0000              	GLOBAL _fscanf_unlocked
158   0000              	GLOBAL _freopen_unlocked_callee
159   0000              	GLOBAL _freopen_unlocked
160   0000              	GLOBAL _fread_unlocked_callee
161   0000              	GLOBAL _fread_unlocked
162   0000              	GLOBAL _fputs_unlocked_callee
163   0000              	GLOBAL _fputs_unlocked
164   0000              	GLOBAL _fputc_unlocked_callee
165   0000              	GLOBAL _fputc_unlocked
166   0000              	GLOBAL _fprintf_unlocked
167   0000              	GLOBAL _fileno_unlocked_fastcall
168   0000              	GLOBAL _fileno_unlocked
169   0000              	GLOBAL _fgets_unlocked_callee
170   0000              	GLOBAL _fgets_unlocked
171   0000              	GLOBAL _fgetpos_unlocked_callee
172   0000              	GLOBAL _fgetpos_unlocked
173   0000              	GLOBAL _fgetc_unlocked_fastcall
174   0000              	GLOBAL _fgetc_unlocked
175   0000              	GLOBAL _fflush_unlocked_fastcall
176   0000              	GLOBAL _fflush_unlocked
177   0000              	GLOBAL _ferror_unlocked_fastcall
178   0000              	GLOBAL _ferror_unlocked
179   0000              	GLOBAL _feof_unlocked_fastcall
180   0000              	GLOBAL _feof_unlocked
181   0000              	GLOBAL _fclose_unlocked_fastcall
182   0000              	GLOBAL _fclose_unlocked
183   0000              	GLOBAL _clearerr_unlocked_fastcall

Z80 Module Assembler 2.8.5, (c) InterLogic 1993-2009, Paulo Custodio 2011-2016                    Fri Apr 15 14:42:27 2016
Page 004                                                                      'C:\Users\marc\AppData\Local\Temp\s6b0_.lst'


184   0000              	GLOBAL _clearerr_unlocked
185   0000              	GLOBAL _vsscanf_callee
186   0000              	GLOBAL _vsscanf
187   0000              	GLOBAL _vsprintf_callee
188   0000              	GLOBAL _vsprintf
189   0000              	GLOBAL _vsnprintf_callee
190   0000              	GLOBAL _vsnprintf
191   0000              	GLOBAL _vscanf_callee
192   0000              	GLOBAL _vscanf
193   0000              	GLOBAL _vprintf_callee
194   0000              	GLOBAL _vprintf
195   0000              	GLOBAL _vfscanf_callee
196   0000              	GLOBAL _vfscanf
197   0000              	GLOBAL _vfprintf_callee
198   0000              	GLOBAL _vfprintf
199   0000              	GLOBAL _vasprintf_callee
200   0000              	GLOBAL _vasprintf
201   0000              	GLOBAL _ungetc_callee
202   0000              	GLOBAL _ungetc
203   0000              	GLOBAL _sscanf
204   0000              	GLOBAL _sprintf
205   0000              	GLOBAL _snprintf
206   0000              	GLOBAL _scanf
207   0000              	GLOBAL _rewind_fastcall
208   0000              	GLOBAL _rewind
209   0000              	GLOBAL _puts_fastcall
210   0000              	GLOBAL _puts
211   0000              	GLOBAL _putchar_fastcall
212   0000              	GLOBAL _putchar
213   0000              	GLOBAL _putc_callee
214   0000              	GLOBAL _putc
215   0000              	GLOBAL _printf
216   0000              	GLOBAL _perror_fastcall
217   0000              	GLOBAL _perror
218   0000              	GLOBAL _open_memstream_callee
219   0000              	GLOBAL _open_memstream
220   0000              	GLOBAL _obstack_vprintf_callee
221   0000              	GLOBAL _obstack_vprintf
222   0000              	GLOBAL _obstack_printf
223   0000              	GLOBAL _gets_fastcall
224   0000              	GLOBAL _gets
225   0000              	GLOBAL _getline_callee
226   0000              	GLOBAL _getline
227   0000              	GLOBAL _getdelim_callee
228   0000              	GLOBAL _getdelim
229   0000              	GLOBAL _getchar
230   0000              	GLOBAL _getc_fastcall
231   0000              	GLOBAL _getc
232   0000              	GLOBAL _fwrite_callee
233   0000              	GLOBAL _fwrite
234   0000              	GLOBAL _funlockfile_fastcall
235   0000              	GLOBAL _funlockfile
236   0000              	GLOBAL _ftrylockfile_fastcall
237   0000              	GLOBAL _ftrylockfile
238   0000              	GLOBAL _ftell_fastcall
239   0000              	GLOBAL _ftell
240   0000              	GLOBAL _fsetpos_callee
241   0000              	GLOBAL _fsetpos
242   0000              	GLOBAL _fseek_callee
243   0000              	GLOBAL _fseek
244   0000              	GLOBAL _fscanf

Z80 Module Assembler 2.8.5, (c) InterLogic 1993-2009, Paulo Custodio 2011-2016                    Fri Apr 15 14:42:27 2016
Page 005                                                                      'C:\Users\marc\AppData\Local\Temp\s6b0_.lst'


245   0000              	GLOBAL _freopen_callee
246   0000              	GLOBAL _freopen
247   0000              	GLOBAL _fread_callee
248   0000              	GLOBAL _fread
249   0000              	GLOBAL _fputs_callee
250   0000              	GLOBAL _fputs
251   0000              	GLOBAL _fputc_callee
252   0000              	GLOBAL _fputc
253   0000              	GLOBAL _fprintf
254   0000              	GLOBAL _fopen_callee
255   0000              	GLOBAL _fopen
256   0000              	GLOBAL _fmemopen_callee
257   0000              	GLOBAL _fmemopen
258   0000              	GLOBAL _flockfile_fastcall
259   0000              	GLOBAL _flockfile
260   0000              	GLOBAL _fileno_fastcall
261   0000              	GLOBAL _fileno
262   0000              	GLOBAL _fgets_callee
263   0000              	GLOBAL _fgets
264   0000              	GLOBAL _fgetpos_callee
265   0000              	GLOBAL _fgetpos
266   0000              	GLOBAL _fgetc_fastcall
267   0000              	GLOBAL _fgetc
268   0000              	GLOBAL _fflush_fastcall
269   0000              	GLOBAL _fflush
270   0000              	GLOBAL _ferror_fastcall
271   0000              	GLOBAL _ferror
272   0000              	GLOBAL _feof_fastcall
273   0000              	GLOBAL _feof
274   0000              	GLOBAL _fdopen_callee
275   0000              	GLOBAL _fdopen
276   0000              	GLOBAL _fclose_fastcall
277   0000              	GLOBAL _fclose
278   0000              	GLOBAL _clearerr_fastcall
279   0000              	GLOBAL _clearerr
280   0000              	GLOBAL _asprintf
281   0000              	GLOBAL __fmemopen__callee
282   0000              	GLOBAL __fmemopen_
283   0000              	GLOBAL _stderr
284   0000              	GLOBAL _stdout
285   0000              	GLOBAL _stdin
286   0000              ;--------------------------------------------------------
287   0000              ; special function registers
288   0000              ;--------------------------------------------------------
289   0000              ;--------------------------------------------------------
290   0000              ; ram data
291   0000              ;--------------------------------------------------------
292   0000              	SECTION bss_compiler
293   0000              ;--------------------------------------------------------
294   0000              ; ram data
295   0000              ;--------------------------------------------------------
296   0000              
297   0000              IF 0
298   0000              
299   0000              ; .area _INITIALIZED removed by z88dk
300   0000              
301   0000              
302   0000              ENDIF
303   0000              
304   0000              ;--------------------------------------------------------
305   0000              ; absolute external ram data

Z80 Module Assembler 2.8.5, (c) InterLogic 1993-2009, Paulo Custodio 2011-2016                    Fri Apr 15 14:42:27 2016
Page 006                                                                      'C:\Users\marc\AppData\Local\Temp\s6b0_.lst'


306   0000              ;--------------------------------------------------------
307   0000              	SECTION IGNORE
308   0000              ;--------------------------------------------------------
309   0000              ; global & static initialisations
310   0000              ;--------------------------------------------------------
311   0000              	SECTION IGNORE
312   0000              	SECTION code_crt_init
313   0000              	SECTION code_crt_exit
314   0000              	SECTION code_crt_init
315   0000              ;--------------------------------------------------------
316   0000              ; Home
317   0000              ;--------------------------------------------------------
318   0000              	SECTION IGNORE
319   0000              	SECTION IGNORE
320   0000              ;--------------------------------------------------------
321   0000              ; code
322   0000              ;--------------------------------------------------------
323   0000              	SECTION code_compiler
324   0000              ;	---------------------------------
325   0000              ; Function main
326   0000              ; ---------------------------------
327   0000              _main:
328   0000  DD E5       	push	ix
329   0002  DD 21 00 00 	ld	ix,0
330   0006  DD 39       	add	ix,sp
331   0008  F5          	push	af
332   0009  01 00 00    	ld	bc,0x0000
333   000C  11 00 00    	ld	de,0x0000
334   000F  C5          	push	bc
335   0010  D5          	push	de
336   0011  21 5E 00    	ld	hl,___str_0
337   0014  E5          	push	hl
338   0015  CD 00 00    	call	_printf
339   0018  F1          	pop	af
340   0019  D1          	pop	de
341   001A  C1          	pop	bc
342   001B              l_main_00104:
343   001B  79          	ld	a,c
344   001C  D6 FF       	sub	a,0xFF
345   001E  78          	ld	a,b
346   001F  DE FF       	sbc	a,0xFF
347   0021  7B          	ld	a,e
348   0022  DE 00       	sbc	a,0x00
349   0024  7A          	ld	a,d
350   0025  17          	rla
351   0026  3F          	ccf
352   0027  1F          	rra
353   0028  DE 80       	sbc	a,0x80
354   002A  30 2D       	jr	NC,l_main_00107
355   002C  C5          	push	bc
356   002D  D5          	push	de
357   002E  CD 00 00    	call	_getchar
358   0031  DD 74 FF    	ld	(ix-1),h
359   0034  DD 75 FE    	ld	(ix-2),l
360   0037  D1          	pop	de
361   0038  C1          	pop	bc
362   0039  DD 7E FE    	ld	a,(ix-2)
363   003C  6F          	ld	l,a
364   003D  B7          	or	a, a
365   003E  28 0D       	jr	Z,l_main_00102
366   0040  26 00       	ld	h,0x00

Z80 Module Assembler 2.8.5, (c) InterLogic 1993-2009, Paulo Custodio 2011-2016                    Fri Apr 15 14:42:27 2016
Page 007                                                                      'C:\Users\marc\AppData\Local\Temp\s6b0_.lst'


367   0042  CD 00 00    	call	_putchar_fastcall
368   0045  01 00 00    	ld	bc,0x0000
369   0048  11 00 00    	ld	de,0x0000
370   004B  18 CE       	jr	l_main_00104
371   004D              l_main_00102:
372   004D  0C          	inc	c
373   004E  20 CB       	jr	NZ,l_main_00104
374   0050  04          	inc	b
375   0051  20 C8       	jr	NZ,l_main_00104
376   0053  1C          	inc	e
377   0054  20 C5       	jr	NZ,l_main_00104
378   0056  14          	inc	d
379   0057  18 C2       	jr	l_main_00104
380   0059              l_main_00107:
381   0059  DD F9       	ld	sp, ix
382   005B  DD E1       	pop	ix
383   005D  C9          	ret
384   005E              ___str_0:
385   005E  53 74 61 72 74 20 74 79 70 69 6E 67 2E 2E 2E 
                        	DEFM "Start typing..."
386   006D  00          	DEFB 0x00
387   006E              	SECTION code_compiler
388   006E              	SECTION data_compiler
389   0000              	SECTION IGNORE
390   0000              
