ASMHEAD                         = 0000, G: 
ASMHEAD_BSS                     = 07F1, G: 
ASMHEAD_BSS_END                 = 07FF, G: 
ASMHEAD_BSS_UNINITIALIZED       = 07F2, G: 
ASMHEAD_CODE                    = 0000, G: 
ASMHEAD_CODE_END                = 072C, G: 
ASMHEAD_DATA                    = 072C, G: 
ASMHEAD_DATA_END                = 07F1, G: 
ASMHEAD_IGNORE                  = 07FF, G: 
ASMHEAD_bss_alloc_balloc        = 07F2, G: 
ASMHEAD_bss_alloc_malloc        = 07F2, G: 
ASMHEAD_bss_arch                = 07F2, G: 
ASMHEAD_bss_clib                = 07F2, G: 
ASMHEAD_bss_compiler            = 07FA, G: 
ASMHEAD_bss_driver              = 07F2, G: 
ASMHEAD_bss_error               = 07F2, G: 
ASMHEAD_bss_fcntl               = 07F4, G: 
ASMHEAD_bss_font                = 07F2, G: 
ASMHEAD_bss_input               = 07F4, G: 
ASMHEAD_bss_lib                 = 07FA, G: 
ASMHEAD_bss_sound_bit           = 07F4, G: 
ASMHEAD_bss_stdio               = 07F4, G: 
ASMHEAD_bss_stdlib              = 07F4, G: 
ASMHEAD_bss_string              = 07FA, G: 
ASMHEAD_bss_user                = 07FF, G: 
ASMHEAD_code_adt_b_array        = 009F, G: 
ASMHEAD_code_adt_b_vector       = 009F, G: 
ASMHEAD_code_adt_ba_priority_queue = 009F, G: 
ASMHEAD_code_adt_ba_stack       = 009F, G: 
ASMHEAD_code_adt_bv_priority_queue = 009F, G: 
ASMHEAD_code_adt_bv_stack       = 009F, G: 
ASMHEAD_code_adt_p_forward_list = 009F, G: 
ASMHEAD_code_adt_p_forward_list_alt = 009F, G: 
ASMHEAD_code_adt_p_list         = 009F, G: 
ASMHEAD_code_adt_p_queue        = 009F, G: 
ASMHEAD_code_adt_p_stack        = 009F, G: 
ASMHEAD_code_adt_w_array        = 009F, G: 
ASMHEAD_code_adt_w_vector       = 009F, G: 
ASMHEAD_code_adt_wa_priority_queue = 009F, G: 
ASMHEAD_code_adt_wa_stack       = 009F, G: 
ASMHEAD_code_adt_wv_priority_queue = 009F, G: 
ASMHEAD_code_adt_wv_stack       = 009F, G: 
ASMHEAD_code_alloc_balloc       = 009F, G: 
ASMHEAD_code_alloc_malloc       = 009F, G: 
ASMHEAD_code_alloc_obstack      = 00C1, G: 
ASMHEAD_code_arch               = 00C1, G: 
ASMHEAD_code_bifrost2           = 00C1, G: 
ASMHEAD_code_bifrost_h          = 00C1, G: 
ASMHEAD_code_bifrost_l          = 00C1, G: 
ASMHEAD_code_clib               = 009F, G: 
ASMHEAD_code_compiler           = 04A4, G: 
ASMHEAD_code_compress_zx7       = 00C1, G: 
ASMHEAD_code_crt_common         = 009F, G: 
ASMHEAD_code_crt_exit           = 009C, G: 
ASMHEAD_code_crt_init           = 0071, G: 
ASMHEAD_code_crt_main           = 0095, G: 
ASMHEAD_code_crt_return         = 009C, G: 
ASMHEAD_code_ctype              = 00C1, G: 
ASMHEAD_code_driver             = 009F, G: 
ASMHEAD_code_driver_character_input = 00E6, G: 
ASMHEAD_code_driver_character_output = 01BE, G: 
ASMHEAD_code_driver_general     = 00C1, G: 
ASMHEAD_code_driver_memstream   = 0247, G: 
ASMHEAD_code_driver_terminal_input = 0247, G: 
ASMHEAD_code_driver_terminal_output = 0247, G: 
ASMHEAD_code_driver_tty         = 0247, G: 
ASMHEAD_code_error              = 0247, G: 
ASMHEAD_code_fcntl              = 02B6, G: 
ASMHEAD_code_font               = 009F, G: 
ASMHEAD_code_font_fzx           = 0352, G: 
ASMHEAD_code_fp_genmath         = 0352, G: 
ASMHEAD_code_fp_math48          = 0352, G: 
ASMHEAD_code_input              = 0352, G: 
ASMHEAD_code_inttypes           = 0352, G: 
ASMHEAD_code_l                  = 0352, G: 
ASMHEAD_code_l_sccz80           = 03A8, G: 
ASMHEAD_code_l_sdcc             = 03A8, G: 
ASMHEAD_code_lib                = 04A4, G: 
ASMHEAD_code_locale             = 03A8, G: 
ASMHEAD_code_math               = 03A8, G: 
ASMHEAD_code_network            = 03E3, G: 
ASMHEAD_code_nirvanam           = 03E3, G: 
ASMHEAD_code_nirvanap           = 03E3, G: 
ASMHEAD_code_setjmp             = 03E3, G: 
ASMHEAD_code_sound_bit          = 03E3, G: 
ASMHEAD_code_stdio              = 03E3, G: 
ASMHEAD_code_stdlib             = 03E8, G: 
ASMHEAD_code_string             = 045D, G: 
ASMHEAD_code_temp_sp1           = 0485, G: 
ASMHEAD_code_threads            = 0485, G: 
ASMHEAD_code_threads_mutex      = 0485, G: 
ASMHEAD_code_user               = 0705, G: 
ASMHEAD_code_z80                = 04A4, G: 
ASMHEAD_data_alloc_balloc       = 072D, G: 
ASMHEAD_data_alloc_malloc       = 072D, G: 
ASMHEAD_data_clib               = 072D, G: 
ASMHEAD_data_compiler           = 07F1, G: 
ASMHEAD_data_driver             = 072D, G: 
ASMHEAD_data_fcntl              = 072F, G: 
ASMHEAD_data_fcntl_fdtable_body = 07B1, G: 
ASMHEAD_data_fcntl_stdio_heap_body = 0737, G: 
ASMHEAD_data_fcntl_stdio_heap_head = 0731, G: 
ASMHEAD_data_fcntl_stdio_heap_tail = 07AF, G: 
ASMHEAD_data_font               = 072D, G: 
ASMHEAD_data_lib                = 07F1, G: 
ASMHEAD_data_sound_bit          = 07B7, G: 
ASMHEAD_data_stdio              = 07B7, G: 
ASMHEAD_data_stdlib             = 07F0, G: 
ASMHEAD_data_threads            = 07F0, G: 
ASMHEAD_data_user               = 07F1, G: 
ASMHEAD_rodata_clib             = 0705, G: 
ASMHEAD_rodata_compiler         = 072C, G: 
ASMHEAD_rodata_driver           = 0705, G: 
ASMHEAD_rodata_error_string_end = 072B, G: 
ASMHEAD_rodata_error_strings    = 0705, G: 
ASMHEAD_rodata_fcntl            = 072C, G: 
ASMHEAD_rodata_font             = 0705, G: 
ASMHEAD_rodata_font_4x8         = 072C, G: 
ASMHEAD_rodata_font_8x8         = 072C, G: 
ASMHEAD_rodata_font_fzx         = 072C, G: 
ASMHEAD_rodata_input            = 072C, G: 
ASMHEAD_rodata_lib              = 072C, G: 
ASMHEAD_rodata_sound_bit        = 072C, G: 
ASMHEAD_rodata_stdio            = 072C, G: 
ASMHEAD_rodata_stdlib           = 072C, G: 
ASMHEAD_rodata_user             = 072C, G: 
ASMHEAD_smc_clib                = 072D, G: 
ASMHEAD_smc_compiler            = 072D, G: 
ASMHEAD_smc_driver              = 072D, G: 
ASMHEAD_smc_fcntl               = 072D, G: 
ASMHEAD_smc_font                = 072D, G: 
ASMHEAD_smc_l                   = 072D, G: 
ASMHEAD_smc_lib                 = 072D, G: 
ASMHEAD_smc_sound_bit           = 072D, G: 
ASMHEAD_smc_user                = 072D, G: 
ASMSIZE                         = 07FF, G: 
ASMSIZE_BSS                     = 0001, G: 
ASMSIZE_BSS_END                 = 0000, G: 
ASMSIZE_BSS_UNINITIALIZED       = 0000, G: 
ASMSIZE_CODE                    = 0071, G: 
ASMSIZE_CODE_END                = 0000, G: 
ASMSIZE_DATA                    = 0001, G: 
ASMSIZE_DATA_END                = 0000, G: 
ASMSIZE_IGNORE                  = 0000, G: 
ASMSIZE_bss_alloc_balloc        = 0000, G: 
ASMSIZE_bss_alloc_malloc        = 0000, G: 
ASMSIZE_bss_arch                = 0000, G: 
ASMSIZE_bss_clib                = 0000, G: 
ASMSIZE_bss_compiler            = 0005, G: 
ASMSIZE_bss_driver              = 0000, G: 
ASMSIZE_bss_error               = 0002, G: 
ASMSIZE_bss_fcntl               = 0000, G: 
ASMSIZE_bss_font                = 0000, G: 
ASMSIZE_bss_input               = 0000, G: 
ASMSIZE_bss_lib                 = 0000, G: 
ASMSIZE_bss_sound_bit           = 0000, G: 
ASMSIZE_bss_stdio               = 0000, G: 
ASMSIZE_bss_stdlib              = 0006, G: 
ASMSIZE_bss_string              = 0000, G: 
ASMSIZE_bss_user                = 0000, G: 
ASMSIZE_code_adt_b_array        = 0000, G: 
ASMSIZE_code_adt_b_vector       = 0000, G: 
ASMSIZE_code_adt_ba_priority_queue = 0000, G: 
ASMSIZE_code_adt_ba_stack       = 0000, G: 
ASMSIZE_code_adt_bv_priority_queue = 0000, G: 
ASMSIZE_code_adt_bv_stack       = 0000, G: 
ASMSIZE_code_adt_p_forward_list = 0000, G: 
ASMSIZE_code_adt_p_forward_list_alt = 0000, G: 
ASMSIZE_code_adt_p_list         = 0000, G: 
ASMSIZE_code_adt_p_queue        = 0000, G: 
ASMSIZE_code_adt_p_stack        = 0000, G: 
ASMSIZE_code_adt_w_array        = 0000, G: 
ASMSIZE_code_adt_w_vector       = 0000, G: 
ASMSIZE_code_adt_wa_priority_queue = 0000, G: 
ASMSIZE_code_adt_wa_stack       = 0000, G: 
ASMSIZE_code_adt_wv_priority_queue = 0000, G: 
ASMSIZE_code_adt_wv_stack       = 0000, G: 
ASMSIZE_code_alloc_balloc       = 0000, G: 
ASMSIZE_code_alloc_malloc       = 0022, G: 
ASMSIZE_code_alloc_obstack      = 0000, G: 
ASMSIZE_code_arch               = 0000, G: 
ASMSIZE_code_bifrost2           = 0000, G: 
ASMSIZE_code_bifrost_h          = 0000, G: 
ASMSIZE_code_bifrost_l          = 0000, G: 
ASMSIZE_code_clib               = 0000, G: 
ASMSIZE_code_compiler           = 0261, G: 
ASMSIZE_code_compress_zx7       = 0000, G: 
ASMSIZE_code_crt_common         = 0000, G: 
ASMSIZE_code_crt_exit           = 0000, G: 
ASMSIZE_code_crt_init           = 0024, G: 
ASMSIZE_code_crt_main           = 0007, G: 
ASMSIZE_code_crt_return         = 0003, G: 
ASMSIZE_code_ctype              = 0000, G: 
ASMSIZE_code_driver             = 0000, G: 
ASMSIZE_code_driver_character_input = 00D8, G: 
ASMSIZE_code_driver_character_output = 0089, G: 
ASMSIZE_code_driver_general     = 0025, G: 
ASMSIZE_code_driver_memstream   = 0000, G: 
ASMSIZE_code_driver_terminal_input = 0000, G: 
ASMSIZE_code_driver_terminal_output = 0000, G: 
ASMSIZE_code_driver_tty         = 0000, G: 
ASMSIZE_code_error              = 006F, G: 
ASMSIZE_code_fcntl              = 009C, G: 
ASMSIZE_code_font               = 0000, G: 
ASMSIZE_code_font_fzx           = 0000, G: 
ASMSIZE_code_fp_genmath         = 0000, G: 
ASMSIZE_code_fp_math48          = 0000, G: 
ASMSIZE_code_input              = 0000, G: 
ASMSIZE_code_inttypes           = 0000, G: 
ASMSIZE_code_l                  = 0056, G: 
ASMSIZE_code_l_sccz80           = 0000, G: 
ASMSIZE_code_l_sdcc             = 0000, G: 
ASMSIZE_code_lib                = 0000, G: 
ASMSIZE_code_locale             = 0000, G: 
ASMSIZE_code_math               = 003B, G: 
ASMSIZE_code_network            = 0000, G: 
ASMSIZE_code_nirvanam           = 0000, G: 
ASMSIZE_code_nirvanap           = 0000, G: 
ASMSIZE_code_setjmp             = 0000, G: 
ASMSIZE_code_sound_bit          = 0000, G: 
ASMSIZE_code_stdio              = 0005, G: 
ASMSIZE_code_stdlib             = 0075, G: 
ASMSIZE_code_string             = 0028, G: 
ASMSIZE_code_temp_sp1           = 0000, G: 
ASMSIZE_code_threads            = 0000, G: 
ASMSIZE_code_threads_mutex      = 001F, G: 
ASMSIZE_code_user               = 0000, G: 
ASMSIZE_code_z80                = 0000, G: 
ASMSIZE_data_alloc_balloc       = 0000, G: 
ASMSIZE_data_alloc_malloc       = 0002, G: 
ASMSIZE_data_clib               = 0000, G: 
ASMSIZE_data_compiler           = 0000, G: 
ASMSIZE_data_driver             = 0000, G: 
ASMSIZE_data_fcntl              = 0002, G: 
ASMSIZE_data_fcntl_fdtable_body = 0006, G: 
ASMSIZE_data_fcntl_stdio_heap_body = 0078, G: 
ASMSIZE_data_fcntl_stdio_heap_head = 0006, G: 
ASMSIZE_data_fcntl_stdio_heap_tail = 0002, G: 
ASMSIZE_data_font               = 0000, G: 
ASMSIZE_data_lib                = 0000, G: 
ASMSIZE_data_sound_bit          = 0000, G: 
ASMSIZE_data_stdio              = 0039, G: 
ASMSIZE_data_stdlib             = 0000, G: 
ASMSIZE_data_threads            = 0001, G: 
ASMSIZE_data_user               = 0000, G: 
ASMSIZE_rodata_clib             = 0000, G: 
ASMSIZE_rodata_compiler         = 0000, G: 
ASMSIZE_rodata_driver           = 0000, G: 
ASMSIZE_rodata_error_string_end = 0001, G: 
ASMSIZE_rodata_error_strings    = 0026, G: 
ASMSIZE_rodata_fcntl            = 0000, G: 
ASMSIZE_rodata_font             = 0000, G: 
ASMSIZE_rodata_font_4x8         = 0000, G: 
ASMSIZE_rodata_font_8x8         = 0000, G: 
ASMSIZE_rodata_font_fzx         = 0000, G: 
ASMSIZE_rodata_input            = 0000, G: 
ASMSIZE_rodata_lib              = 0000, G: 
ASMSIZE_rodata_sound_bit        = 0000, G: 
ASMSIZE_rodata_stdio            = 0000, G: 
ASMSIZE_rodata_stdlib           = 0000, G: 
ASMSIZE_rodata_user             = 0000, G: 
ASMSIZE_smc_clib                = 0000, G: 
ASMSIZE_smc_compiler            = 0000, G: 
ASMSIZE_smc_driver              = 0000, G: 
ASMSIZE_smc_fcntl               = 0000, G: 
ASMSIZE_smc_font                = 0000, G: 
ASMSIZE_smc_l                   = 0000, G: 
ASMSIZE_smc_lib                 = 0000, G: 
ASMSIZE_smc_sound_bit           = 0000, G: 
ASMSIZE_smc_user                = 0000, G: 
ASMTAIL                         = 07FF, G: 
ASMTAIL_BSS                     = 07F2, G: 
ASMTAIL_BSS_END                 = 07FF, G: 
ASMTAIL_BSS_UNINITIALIZED       = 07F2, G: 
ASMTAIL_CODE                    = 0071, G: 
ASMTAIL_CODE_END                = 072C, G: 
ASMTAIL_DATA                    = 072D, G: 
ASMTAIL_DATA_END                = 07F1, G: 
ASMTAIL_IGNORE                  = 07FF, G: 
ASMTAIL_bss_alloc_balloc        = 07F2, G: 
ASMTAIL_bss_alloc_malloc        = 07F2, G: 
ASMTAIL_bss_arch                = 07F2, G: 
ASMTAIL_bss_clib                = 07F2, G: 
ASMTAIL_bss_compiler            = 07FF, G: 
ASMTAIL_bss_driver              = 07F2, G: 
ASMTAIL_bss_error               = 07F4, G: 
ASMTAIL_bss_fcntl               = 07F4, G: 
ASMTAIL_bss_font                = 07F2, G: 
ASMTAIL_bss_input               = 07F4, G: 
ASMTAIL_bss_lib                 = 07FA, G: 
ASMTAIL_bss_sound_bit           = 07F4, G: 
ASMTAIL_bss_stdio               = 07F4, G: 
ASMTAIL_bss_stdlib              = 07FA, G: 
ASMTAIL_bss_string              = 07FA, G: 
ASMTAIL_bss_user                = 07FF, G: 
ASMTAIL_code_adt_b_array        = 009F, G: 
ASMTAIL_code_adt_b_vector       = 009F, G: 
ASMTAIL_code_adt_ba_priority_queue = 009F, G: 
ASMTAIL_code_adt_ba_stack       = 009F, G: 
ASMTAIL_code_adt_bv_priority_queue = 009F, G: 
ASMTAIL_code_adt_bv_stack       = 009F, G: 
ASMTAIL_code_adt_p_forward_list = 009F, G: 
ASMTAIL_code_adt_p_forward_list_alt = 009F, G: 
ASMTAIL_code_adt_p_list         = 009F, G: 
ASMTAIL_code_adt_p_queue        = 009F, G: 
ASMTAIL_code_adt_p_stack        = 009F, G: 
ASMTAIL_code_adt_w_array        = 009F, G: 
ASMTAIL_code_adt_w_vector       = 009F, G: 
ASMTAIL_code_adt_wa_priority_queue = 009F, G: 
ASMTAIL_code_adt_wa_stack       = 009F, G: 
ASMTAIL_code_adt_wv_priority_queue = 009F, G: 
ASMTAIL_code_adt_wv_stack       = 009F, G: 
ASMTAIL_code_alloc_balloc       = 009F, G: 
ASMTAIL_code_alloc_malloc       = 00C1, G: 
ASMTAIL_code_alloc_obstack      = 00C1, G: 
ASMTAIL_code_arch               = 00C1, G: 
ASMTAIL_code_bifrost2           = 00C1, G: 
ASMTAIL_code_bifrost_h          = 00C1, G: 
ASMTAIL_code_bifrost_l          = 00C1, G: 
ASMTAIL_code_clib               = 009F, G: 
ASMTAIL_code_compiler           = 0705, G: 
ASMTAIL_code_compress_zx7       = 00C1, G: 
ASMTAIL_code_crt_common         = 009F, G: 
ASMTAIL_code_crt_exit           = 009C, G: 
ASMTAIL_code_crt_init           = 0095, G: 
ASMTAIL_code_crt_main           = 009C, G: 
ASMTAIL_code_crt_return         = 009F, G: 
ASMTAIL_code_ctype              = 00C1, G: 
ASMTAIL_code_driver             = 009F, G: 
ASMTAIL_code_driver_character_input = 01BE, G: 
ASMTAIL_code_driver_character_output = 0247, G: 
ASMTAIL_code_driver_general     = 00E6, G: 
ASMTAIL_code_driver_memstream   = 0247, G: 
ASMTAIL_code_driver_terminal_input = 0247, G: 
ASMTAIL_code_driver_terminal_output = 0247, G: 
ASMTAIL_code_driver_tty         = 0247, G: 
ASMTAIL_code_error              = 02B6, G: 
ASMTAIL_code_fcntl              = 0352, G: 
ASMTAIL_code_font               = 009F, G: 
ASMTAIL_code_font_fzx           = 0352, G: 
ASMTAIL_code_fp_genmath         = 0352, G: 
ASMTAIL_code_fp_math48          = 0352, G: 
ASMTAIL_code_input              = 0352, G: 
ASMTAIL_code_inttypes           = 0352, G: 
ASMTAIL_code_l                  = 03A8, G: 
ASMTAIL_code_l_sccz80           = 03A8, G: 
ASMTAIL_code_l_sdcc             = 03A8, G: 
ASMTAIL_code_lib                = 04A4, G: 
ASMTAIL_code_locale             = 03A8, G: 
ASMTAIL_code_math               = 03E3, G: 
ASMTAIL_code_network            = 03E3, G: 
ASMTAIL_code_nirvanam           = 03E3, G: 
ASMTAIL_code_nirvanap           = 03E3, G: 
ASMTAIL_code_setjmp             = 03E3, G: 
ASMTAIL_code_sound_bit          = 03E3, G: 
ASMTAIL_code_stdio              = 03E8, G: 
ASMTAIL_code_stdlib             = 045D, G: 
ASMTAIL_code_string             = 0485, G: 
ASMTAIL_code_temp_sp1           = 0485, G: 
ASMTAIL_code_threads            = 0485, G: 
ASMTAIL_code_threads_mutex      = 04A4, G: 
ASMTAIL_code_user               = 0705, G: 
ASMTAIL_code_z80                = 04A4, G: 
ASMTAIL_data_alloc_balloc       = 072D, G: 
ASMTAIL_data_alloc_malloc       = 072F, G: 
ASMTAIL_data_clib               = 072D, G: 
ASMTAIL_data_compiler           = 07F1, G: 
ASMTAIL_data_driver             = 072D, G: 
ASMTAIL_data_fcntl              = 0731, G: 
ASMTAIL_data_fcntl_fdtable_body = 07B7, G: 
ASMTAIL_data_fcntl_stdio_heap_body = 07AF, G: 
ASMTAIL_data_fcntl_stdio_heap_head = 0737, G: 
ASMTAIL_data_fcntl_stdio_heap_tail = 07B1, G: 
ASMTAIL_data_font               = 072D, G: 
ASMTAIL_data_lib                = 07F1, G: 
ASMTAIL_data_sound_bit          = 07B7, G: 
ASMTAIL_data_stdio              = 07F0, G: 
ASMTAIL_data_stdlib             = 07F0, G: 
ASMTAIL_data_threads            = 07F1, G: 
ASMTAIL_data_user               = 07F1, G: 
ASMTAIL_rodata_clib             = 0705, G: 
ASMTAIL_rodata_compiler         = 072C, G: 
ASMTAIL_rodata_driver           = 0705, G: 
ASMTAIL_rodata_error_string_end = 072C, G: 
ASMTAIL_rodata_error_strings    = 072B, G: 
ASMTAIL_rodata_fcntl            = 072C, G: 
ASMTAIL_rodata_font             = 0705, G: 
ASMTAIL_rodata_font_4x8         = 072C, G: 
ASMTAIL_rodata_font_8x8         = 072C, G: 
ASMTAIL_rodata_font_fzx         = 072C, G: 
ASMTAIL_rodata_input            = 072C, G: 
ASMTAIL_rodata_lib              = 072C, G: 
ASMTAIL_rodata_sound_bit        = 072C, G: 
ASMTAIL_rodata_stdio            = 072C, G: 
ASMTAIL_rodata_stdlib           = 072C, G: 
ASMTAIL_rodata_user             = 072C, G: 
ASMTAIL_smc_clib                = 072D, G: 
ASMTAIL_smc_compiler            = 072D, G: 
ASMTAIL_smc_driver              = 072D, G: 
ASMTAIL_smc_fcntl               = 072D, G: 
ASMTAIL_smc_font                = 072D, G: 
ASMTAIL_smc_l                   = 072D, G: 
ASMTAIL_smc_lib                 = 072D, G: 
ASMTAIL_smc_sound_bit           = 072D, G: 
ASMTAIL_smc_user                = 072D, G: 
CHAR_CR                         = 000D, L: character_00_input_stdio_msg_getc
CHAR_CR                         = 000D, L: character_00_output_ochar_putc_bin
CHAR_LF                         = 000A, L: character_00_input_stdio_msg_read
CHAR_LF                         = 000A, L: character_00_output_ochar_putc_bin
DEFINED_Z88DK_USES_SDCC         = 0001, L: s7h0_4
ICHAR_MSG_GETC                  = 000F, G: s7h0_4
IOCTL_ICHAR_CRLF                = C103, G: s7h0_4
IOCTL_ITERM_CAPS                = C009, G: s7h0_4
IOCTL_ITERM_COOK                = C011, G: s7h0_4
IOCTL_ITERM_CRLF                = C101, G: s7h0_4
IOCTL_ITERM_CURS                = C201, G: s7h0_4
IOCTL_ITERM_ECHO                = C081, G: s7h0_4
IOCTL_ITERM_GET_EDITBUF         = 0381, G: s7h0_4
IOCTL_ITERM_LINE                = C021, G: s7h0_4
IOCTL_ITERM_PASS                = C041, G: s7h0_4
IOCTL_ITERM_SET_EDITBUF         = 0301, G: s7h0_4
IOCTL_ITERM_TIE                 = 0201, G: s7h0_4
IOCTL_OCHAR_CRLF                = C014, G: s7h0_4
IOCTL_OTERM_BELL                = C102, G: s7h0_4
IOCTL_OTERM_CLEAR               = E002, G: s7h0_4
IOCTL_OTERM_CLS                 = 0102, G: s7h0_4
IOCTL_OTERM_COOK                = C022, G: s7h0_4
IOCTL_OTERM_CRLF                = C012, G: s7h0_4
IOCTL_OTERM_FONT                = 0802, G: s7h0_4
IOCTL_OTERM_FZX_GET_FZX_STATE   = 0F82, G: s7h0_4
IOCTL_OTERM_FZX_GET_PAPER_COORD = 0A82, G: s7h0_4
IOCTL_OTERM_FZX_GET_PAPER_RECT  = 0B82, G: s7h0_4
IOCTL_OTERM_FZX_LEFT_MARGIN     = 0C02, G: s7h0_4
IOCTL_OTERM_FZX_LINE_SPACING    = 0D02, G: s7h0_4
IOCTL_OTERM_FZX_SET_FZX_STATE   = 0F02, G: s7h0_4
IOCTL_OTERM_FZX_SET_PAPER_COORD = 0A02, G: s7h0_4
IOCTL_OTERM_FZX_SET_PAPER_RECT  = 0B02, G: s7h0_4
IOCTL_OTERM_FZX_SPACE_EXPAND    = 0E02, G: s7h0_4
IOCTL_OTERM_GET_CURSOR_COORD    = 0582, G: s7h0_4
IOCTL_OTERM_GET_OTERM           = 0602, G: s7h0_4
IOCTL_OTERM_GET_WINDOW_COORD    = 0382, G: s7h0_4
IOCTL_OTERM_GET_WINDOW_RECT     = 0482, G: s7h0_4
IOCTL_OTERM_PAGE                = C082, G: s7h0_4
IOCTL_OTERM_PAUSE               = C042, G: s7h0_4
IOCTL_OTERM_RESET_SCROLL        = 0202, G: s7h0_4
IOCTL_OTERM_SCROLL              = 0702, G: s7h0_4
IOCTL_OTERM_SET_CURSOR_COORD    = 0502, G: s7h0_4
IOCTL_OTERM_SET_WINDOW_COORD    = 0302, G: s7h0_4
IOCTL_OTERM_SET_WINDOW_RECT     = 0402, G: s7h0_4
IOCTL_OTERM_SIGNAL              = C202, G: s7h0_4
IOCTL_RESET                     = 0000, G: s7h0_4
ITERM_MSG_BELL                  = 0019, G: s7h0_4
ITERM_MSG_BS                    = 0015, G: s7h0_4
ITERM_MSG_BS_PWD                = 0016, G: s7h0_4
ITERM_MSG_ERASE_CURSOR          = 0013, G: s7h0_4
ITERM_MSG_ERASE_CURSOR_PWD      = 0014, G: s7h0_4
ITERM_MSG_GETC                  = 000F, G: s7h0_4
ITERM_MSG_INTERRUPT             = 0010, G: s7h0_4
ITERM_MSG_PRINT_CURSOR          = 0012, G: s7h0_4
ITERM_MSG_PUTC                  = 0011, G: s7h0_4
ITERM_MSG_READLINE_BEGIN        = 0017, G: s7h0_4
ITERM_MSG_READLINE_END          = 0018, G: s7h0_4
OCHAR_MSG_PUTC                  = 0020, G: s7h0_4
OCHAR_MSG_PUTC_BIN              = 001E, G: s7h0_4
OTERM_MSG_BELL                  = 0024, G: s7h0_4
OTERM_MSG_CLS                   = 0022, G: s7h0_4
OTERM_MSG_PAUSE                 = 0023, G: s7h0_4
OTERM_MSG_PRINTC                = 0020, G: s7h0_4
OTERM_MSG_PSCROLL               = 0025, G: s7h0_4
OTERM_MSG_PUTC                  = 001E, G: s7h0_4
OTERM_MSG_SCROLL                = 0021, G: s7h0_4
OTERM_MSG_TTY                   = 001F, G: s7h0_4
STDIO_MSG_CLOS                  = 0009, G: s7h0_4
STDIO_MSG_EATC                  = 0004, G: s7h0_4
STDIO_MSG_FLSH                  = 0008, G: s7h0_4
STDIO_MSG_GETC                  = 0003, G: s7h0_4
STDIO_MSG_ICTL                  = 0007, G: s7h0_4
STDIO_MSG_PUTC                  = 0001, G: s7h0_4
STDIO_MSG_READ                  = 0005, G: s7h0_4
STDIO_MSG_SEEK                  = 0006, G: s7h0_4
STDIO_MSG_WRIT                  = 0002, G: s7h0_4
STDIO_SEEK_CUR                  = 0001, G: s7h0_4
STDIO_SEEK_END                  = 0002, G: s7h0_4
STDIO_SEEK_SET                  = 0000, G: s7h0_4
TAR__clib_balloc_table_size     = 0000, L: s7h0_4
TAR__clib_exit_stack_size       = 0002, L: s7h0_4
TAR__clib_fopen_max             = 0000, L: s7h0_4
TAR__clib_malloc_heap_size      = FFFFFFFF, L: s7h0_4
TAR__clib_open_max              = 0000, L: s7h0_4
TAR__clib_quickexit_stack_size  = 0000, L: s7h0_4
TAR__clib_stdio_heap_size       = 0080, L: s7h0_4
TAR__crt_enable_close           = 0001, L: s7h0_4
TAR__crt_enable_commandline     = 0000, L: s7h0_4
TAR__crt_enable_nmi             = 0000, L: s7h0_4
TAR__crt_enable_restart         = 0000, L: s7h0_4
TAR__crt_enable_rst             = 0000, L: s7h0_4
TAR__crt_initialize_bss         = 0000, L: s7h0_4
TAR__crt_model                  = 0000, L: s7h0_4
TAR__crt_org_bss                = 0000, L: s7h0_4
TAR__crt_org_code               = 0000, L: s7h0_4
TAR__crt_org_data               = 0000, L: s7h0_4
TAR__crt_stack_size             = 0200, L: s7h0_4
TAR__register_sp                = 0000, L: s7h0_4
_CLIB_CFG_ASM_                  = 0001, L: asm_utoa
_CLIB_CFG_ASM_                  = 0001, L: asm_vioctl
_CLIB_CFG_ASM_                  = 0001, L: character_00_input_stdio_msg_getc
_CLIB_CFG_ASM_                  = 0001, L: character_00_input_stdio_msg_read
_CLIB_CFG_ASM_                  = 0001, L: character_00_output_ochar_putc_bin
_CLIB_CFG_ASM_                  = 0001, L: console_01_input_terminal_fdriver
_CLIB_CFG_ASM_                  = 0001, L: error_ebdfd_mc
_CLIB_CFG_ASM_                  = 0001, L: error_ebdfd_zc
_CLIB_CFG_ASM_                  = 0001, L: error_edom_mc
_CLIB_CFG_ASM_                  = 0001, L: error_einval_mc
_CLIB_CFG_ASM_                  = 0001, L: error_einval_zc
_CLIB_CFG_ASM_                  = 0001, L: error_enolck_mc
_CLIB_CFG_ASM_                  = 0001, L: error_enolck_zc
_CLIB_CFG_ASM_                  = 0001, L: error_enotsup_mc
_CLIB_CFG_ASM_                  = 0001, L: error_enotsup_zc
_CLIB_CFG_ASM_                  = 0001, L: l_divu_16_16x8
_CurrentThread                  = 07FA, L: s7h0_
_Memory_Alloc16                 = 0275, G: s7h0_1
_StringBuilder_AppendChar       = 0598, G: s7h0_2
_StringBuilder_AppendString     = 04F7, G: s7h0_2
_StringBuilder_AppendUint16     = 068D, G: s7h0_2
_StringBuilder_AppendUint8      = 05F9, G: s7h0_2
_StringBuilder_Construct        = 04AE, G: s7h0_2
_Thread_GetCurrent              = 04AA, G: s7h0_
_Thread_Init                    = 04A4, G: s7h0_
__CLIB_OPT_ERROR                = 0001, L: error_ebdfd_mc
__CLIB_OPT_ERROR                = 0001, L: error_ebdfd_zc
__CLIB_OPT_ERROR                = 0001, L: error_edom_mc
__CLIB_OPT_ERROR                = 0001, L: error_einval_mc
__CLIB_OPT_ERROR                = 0001, L: error_einval_zc
__CLIB_OPT_ERROR                = 0001, L: error_enolck_mc
__CLIB_OPT_ERROR                = 0001, L: error_enolck_zc
__CLIB_OPT_ERROR                = 0001, L: error_enotsup_mc
__CLIB_OPT_ERROR                = 0001, L: error_enotsup_zc
__CLIB_OPT_IMATH                = 0000, L: l_divu_16_16x8
__CLIB_OPT_MULTITHREAD          = 0000, L: asm_vioctl
__CLIB_OPT_NUM2TXT              = 0000, L: asm_utoa
__CRTDEF                        = 0000, L: s7h0_4
__EACCES                        = 0001, G: s7h0_4
__EAGAIN                        = 000F, G: s7h0_4
__EBADF                         = 0002, G: s7h0_4
__EBDFD                         = 0003, G: s7h0_4
__EDOM                          = 0004, G: s7h0_4
__EFBIG                         = 0005, G: s7h0_4
__EINVAL                        = 0006, G: s7h0_4
__EMFILE                        = 0007, G: s7h0_4
__ENFILE                        = 0008, G: s7h0_4
__ENOLCK                        = 0009, G: s7h0_4
__ENOMEM                        = 000A, G: s7h0_4
__ENOTSUP                       = 000B, G: s7h0_4
__EOK                           = 0000, G: s7h0_4
__EOVERFLOW                     = 000C, G: s7h0_4
__ERANGE                        = 000D, G: s7h0_4
__ESTAT                         = 000E, G: s7h0_4
__EWOULDBLOCK                   = 000F, G: s7h0_4
__Exit                          = 009B, G: s7h0_4
__MMAP                          = 0000, L: s7h0_4
__SDCC                          = 0001, L: __stdio_nextarg_bc
__SDCC                          = 0001, L: asm_utoa
__SDCC                          = 0001, L: asm_vioctl
__SDCC                          = 0001, L: character_00_input_stdio_msg_getc
__SDCC                          = 0001, L: character_00_input_stdio_msg_read
__SDCC                          = 0001, L: character_00_output_ochar_putc_bin
__SDCC                          = 0001, L: console_01_input_terminal_fdriver
__SDCC                          = 0001, L: error_ebdfd_mc
__SDCC                          = 0001, L: error_ebdfd_zc
__SDCC                          = 0001, L: error_edom_mc
__SDCC                          = 0001, L: error_einval_mc
__SDCC                          = 0001, L: error_einval_zc
__SDCC                          = 0001, L: error_enolck_mc
__SDCC                          = 0001, L: error_enolck_zc
__SDCC                          = 0001, L: error_enotsup_mc
__SDCC                          = 0001, L: error_enotsup_zc
__SDCC                          = 0001, L: l_divu_16_16x8
__SDCC_IY                       = 0001, L: __stdio_nextarg_bc
__SDCC_IY                       = 0001, L: asm_utoa
__SDCC_IY                       = 0001, L: asm_vioctl
__SDCC_IY                       = 0001, L: character_00_input_stdio_msg_getc
__SDCC_IY                       = 0001, L: character_00_input_stdio_msg_read
__SDCC_IY                       = 0001, L: character_00_output_ochar_putc_bin
__SDCC_IY                       = 0001, L: console_01_input_terminal_fdriver
__SDCC_IY                       = 0001, L: error_ebdfd_mc
__SDCC_IY                       = 0001, L: error_ebdfd_zc
__SDCC_IY                       = 0001, L: error_edom_mc
__SDCC_IY                       = 0001, L: error_einval_mc
__SDCC_IY                       = 0001, L: error_einval_zc
__SDCC_IY                       = 0001, L: error_enolck_mc
__SDCC_IY                       = 0001, L: error_enolck_zc
__SDCC_IY                       = 0001, L: error_enotsup_mc
__SDCC_IY                       = 0001, L: error_enotsup_zc
__SDCC_IY                       = 0001, L: l_divu_16_16x8
__Start                         = 006B, G: s7h0_4
__bool                          = 02E8, L: asm_vioctl
__ch_system                     = 026D, G: s7h0_4
__clib_balloc_table_size        = 0000, L: s7h0_4
__clib_exit_stack_size          = 0002, L: s7h0_4
__clib_fopen_max                = 0000, L: s7h0_4
__clib_malloc_heap_size         = FFFFFFFF, L: s7h0_4
__clib_open_max                 = 0000, L: s7h0_4
__clib_quickexit_stack_size     = 0000, L: s7h0_4
__clib_stdio_heap_size          = 0080, L: s7h0_4
__crt_enable_close              = 0001, L: s7h0_4
__crt_initialize_bss            = 0000, L: s7h0_4
__crt_model                     = 0000, L: s7h0_4
__crt_org_bss                   = 0000, L: s7h0_4
__crt_org_code                  = 0000, L: s7h0_4
__crt_org_data                  = 0000, L: s7h0_4
__crt_stack_size                = 0200, L: s7h0_4
__exit_stack                    = 07F4, G: s7h0_4
__exit_stack_size               = 0002, G: s7h0_4
__fcntl_fdchain_descend         = 032A, G: __fcntl_fdchain_descend
__fcntl_fdstruct_from_fd_1      = 033C, G: __fcntl_fdstruct_from_fd_1
__fcntl_fdstruct_from_fd_2      = 0331, G: __fcntl_fdstruct_from_fd_2
__fcntl_fdtbl                   = 07B1, G: s7h0_4
__fcntl_fdtbl_size              = 0003, G: s7h0_4
__getf                          = 0303, L: asm_vioctl
__i_fcntl_fdstruct_0            = 073D, L: s7h0_4
__i_fcntl_fdstruct_1            = 0754, L: s7h0_4
__i_fcntl_fdstruct_2            = 0000, L: character_00_output_stdio_msg_writ
__i_fcntl_fdstruct_2            = 0754, L: s7h0_4
__i_fcntl_heap_0                = 0737, L: s7h0_4
__i_fcntl_heap_1                = 074E, L: s7h0_4
__i_fcntl_heap_2                = 0765, L: s7h0_4
__i_fcntl_heap_3                = 07AF, L: s7h0_4
__i_stdio_file_0                = 07B9, L: s7h0_4
__i_stdio_file_1                = 07CA, L: s7h0_4
__i_stdio_file_2                = 07DB, L: s7h0_4
__malloc_heap                   = 072D, G: s7h0_4
__quickexit_stack               = 07F9, G: s7h0_4
__quickexit_stack_size          = 0000, G: s7h0_4
__setf                          = 02EF, L: asm_vioctl
__stdio_block                   = 0731, L: s7h0_4
__stdio_closed_file_list        = 07EC, G: s7h0_4
__stdio_heap                    = 072F, G: s7h0_4
__stdio_nextarg_bc              = 03E3, G: __stdio_nextarg_bc
__stdio_open_file_list          = 07EA, G: s7h0_4
__thrd_id                       = 07F0, G: s7h0_4
__thread_block_timeout          = 0355, G: s7h0_4
__thread_context_switch         = 0355, G: s7h0_4
__thread_unblock                = 0355, G: s7h0_4
_errno                          = 07F2, G: _errno
_ictl_messages                  = 016B, L: character_00_input_stdio_msg_ictl
_itoa_callee                    = 03E8, G: itoa_callee
_main                           = 0355, G: s7h0_3
_stderr                         = 07D9, G: s7h0_4
_stdin                          = 07B7, G: s7h0_4
_stdout                         = 07C8, G: s7h0_4
_strlen_fastcall                = 0465, G: strlen_fastcall
_strncpy_callee                 = 045D, G: strncpy_callee
alpha                           = 0394, L: l_num2char
asm0_exit                       = 03F3, G: asm_exit
asm0_itoa                       = 0416, G: asm_itoa
asm0_utoa                       = 0437, G: asm_utoa
asm1_utoa                       = 043D, G: asm_utoa
asm_exit                        = 03F0, G: asm_exit
asm_heap_init                   = 009F, G: asm_heap_init
asm_itoa                        = 0411, G: asm_itoa
asm_mtx_init                    = 0485, G: asm_mtx_init
asm_strlen                      = 0465, G: asm_strlen
asm_strncpy                     = 0470, G: asm_strncpy
asm_utoa                        = 0432, G: asm_utoa
asm_vioctl                      = 02B6, G: asm_vioctl
asm_vioctl_driver               = 030E, G: asm_vioctl
character_00_input              = 00F5, G: character_00_input
character_00_input_stdio_msg_eatc = 011B, G: character_00_input_stdio_msg_eatc
character_00_input_stdio_msg_getc = 013D, G: character_00_input_stdio_msg_getc
character_00_input_stdio_msg_ictl = 015D, G: character_00_input_stdio_msg_ictl
character_00_input_stdio_msg_read = 0172, G: character_00_input_stdio_msg_read
character_00_input_stdio_msg_seek = 019C, G: character_00_input_stdio_msg_seek
character_00_output             = 01CA, G: character_00_output
character_00_output_ochar_msg_putc_bin = 01F0, G: character_00_output_ochar_putc_bin
character_00_output_stdio_msg_ictl = 020A, G: character_00_output_stdio_msg_ictl
character_00_output_stdio_msg_putc = 021A, G: character_00_output_stdio_msg_putc
character_00_output_stdio_msg_writ = 022E, G: character_00_output_stdio_msg_writ
compute_lp                      = 0444, L: asm_utoa
console_01_input_terminal_fdriver = 00C1, G: console_01_input_terminal_fdriver
console_01_output_terminal_fdriver = 00C1, G: console_01_output_terminal_fdriver
cr                              = 0156, L: character_00_input_stdio_msg_getc
critical_section                = 02B6, L: asm_vioctl
deliver_message                 = 02D4, L: asm_vioctl
device_reset_error              = 00C9, G: device_reset_error
device_return_error             = 00D2, G: device_return_error
device_set_error                = 00D9, G: device_set_error
divide_zero                     = 03DF, L: l_small_divu_16_16x16
divisor_sixteen_bit             = 03B1, L: l_small_divu_16_16x16
done                            = 0483, L: asm_strncpy
eatc_exit                       = 013A, L: character_00_input_stdio_msg_eatc
eatc_loop                       = 0120, L: character_00_input_stdio_msg_eatc
errno_mc                        = 0259, G: errno_mc
error_divide_by_zero_mc         = 028A, G: error_divide_by_zero_mc
error_ebdfd_mc                  = 02B1, G: error_ebdfd_mc
error_ebdfd_zc                  = 02AA, G: error_ebdfd_zc
error_edom_mc                   = 028A, G: error_edom_mc
error_einval_mc                 = 0284, G: error_einval_mc
error_einval_zc                 = 027E, G: error_einval_zc
error_enolck_mc                 = 024F, G: error_enolck_mc
error_enolck_zc                 = 0249, G: error_enolck_zc
error_enotsup_mc                = 0296, G: error_enotsup_mc
error_enotsup_zc                = 0290, G: error_enotsup_zc
error_lzc                       = 029C, G: error_lzc
error_lznc                      = 02A3, G: error_lznc
error_mc                        = 0264, G: error_mc
error_zc                        = 026D, G: error_zc
error_znc                       = 0275, G: error_znc
exit_error                      = 0170, L: character_00_input_stdio_msg_ictl
exit_error                      = 0218, L: character_00_output_stdio_msg_ictl
find_driver_loop                = 02C4, L: asm_vioctl
forward_ioctl                   = 02FA, L: asm_vioctl
l0_divu_16_16x8                 = 03CD, G: l_divu_16_16x8
l0_small_divu_16_16x16          = 03AD, G: l_small_divu_16_16x16
l0_small_divu_16_16x8           = 03CD, G: l_small_divu_16_16x16
l_StringBuilder_AppendChar_00102 = 05AE, L: s7h0_2
l_StringBuilder_AppendChar_00104 = 05D7, L: s7h0_2
l_StringBuilder_AppendChar_00105 = 05F4, L: s7h0_2
l_StringBuilder_AppendString_00102 = 050F, L: s7h0_2
l_StringBuilder_AppendString_00104 = 051D, L: s7h0_2
l_StringBuilder_AppendString_00106 = 0560, L: s7h0_2
l_StringBuilder_AppendString_00107 = 0593, L: s7h0_2
l_StringBuilder_AppendUint16_00102 = 06A3, L: s7h0_2
l_StringBuilder_AppendUint16_00104 = 06CC, L: s7h0_2
l_StringBuilder_AppendUint16_00105 = 0700, L: s7h0_2
l_StringBuilder_AppendUint8_00102 = 0610, L: s7h0_2
l_StringBuilder_AppendUint8_00104 = 0642, L: s7h0_2
l_StringBuilder_AppendUint8_00105 = 0688, L: s7h0_2
l_StringBuilder_Construct_00102 = 04F2, L: s7h0_2
l_decu_dehl                     = 0397, G: l_decu_dehl
l_divu_16_16x8                  = 03C9, G: l_divu_16_16x8
l_jphl                          = 0377, G: l_jphl
l_jpix                          = 0352, G: l_jpix
l_neg_hl                        = 0385, G: l_neg_hl
l_num2char                      = 038D, G: l_num2char
l_ret                           = 0355, G: l_ret
l_setmem_hl                     = 0376, G: l_setmem_hl
l_small_divu_16_16x16           = 03A9, G: l_small_divu_16_16x16
l_small_divu_16_16x8            = 03C9, G: l_small_divu_16_16x16
l_valid_base                    = 0378, G: l_valid_base
limit                           = 03A3, L: l_decu_dehl
loop                            = 03FF, L: asm_exit
loop                            = 0476, L: asm_strncpy
loop_16_0                       = 03B7, L: l_small_divu_16_16x16
loop_16_1                       = 03BF, L: l_small_divu_16_16x16
loop_8_0                        = 03D1, L: l_small_divu_16_16x16
loop_8_1                        = 03DA, L: l_small_divu_16_16x16
loop_8_2                        = 03D8, L: l_small_divu_16_16x16
msw                             = 039D, L: l_decu_dehl
mtx_plain                       = 0001, G: s7h0_4
mtx_recursive                   = 0002, G: s7h0_4
mtx_timed                       = 0004, G: s7h0_4
putc_loop                       = 021E, L: character_00_output_stdio_msg_putc
putchar                         = 0206, L: character_00_output_ochar_putc_bin
read_exit                       = 0189, L: character_00_input_stdio_msg_read
read_exit_error                 = 0191, L: character_00_input_stdio_msg_read
read_loop                       = 0173, L: character_00_input_stdio_msg_read
reject_cr                       = 0145, L: character_00_input_stdio_msg_getc
seek_loop                       = 01A8, L: character_00_input_stdio_msg_seek
startup                         = 0000, L: s7h0_4
thrd_busy                       = 0004, G: s7h0_4
thrd_error                      = 0001, G: s7h0_4
thrd_nomem                      = 0002, G: s7h0_4
thrd_success                    = 0000, G: s7h0_4
thrd_timedout                   = 0008, G: s7h0_4
unknown_type                    = 049F, L: asm_mtx_init
writ_end                        = 0243, L: character_00_output_stdio_msg_writ
writ_loop                       = 0232, L: character_00_output_stdio_msg_writ
write_lp                        = 0456, L: asm_utoa
zalt_00_input_sysctrl           = 00E6, G: zalt_00_input_sysctrl_driver
zalt_00_input_sysctrl_ichar_msg_getc = 00ED, L: zalt_00_input_sysctrl_driver
zalt_00_output_sysctrl          = 01BE, G: zalt_00_output_sysctrl_driver
zalt_00_output_sysctrl_ochar_msg_putc = 01C5, L: zalt_00_output_sysctrl_driver


TAR__clib_malloc_heap_size      = FFFFFFFF, L: s7h0_4
__clib_malloc_heap_size         = FFFFFFFF, L: s7h0_4
ASMHEAD                         = 0000, G: 
ASMHEAD_CODE                    = 0000, G: 
ASMSIZE_BSS_END                 = 0000, G: 
ASMSIZE_BSS_UNINITIALIZED       = 0000, G: 
ASMSIZE_CODE_END                = 0000, G: 
ASMSIZE_DATA_END                = 0000, G: 
ASMSIZE_IGNORE                  = 0000, G: 
ASMSIZE_bss_alloc_balloc        = 0000, G: 
ASMSIZE_bss_alloc_malloc        = 0000, G: 
ASMSIZE_bss_arch                = 0000, G: 
ASMSIZE_bss_clib                = 0000, G: 
ASMSIZE_bss_driver              = 0000, G: 
ASMSIZE_bss_fcntl               = 0000, G: 
ASMSIZE_bss_font                = 0000, G: 
ASMSIZE_bss_input               = 0000, G: 
ASMSIZE_bss_lib                 = 0000, G: 
ASMSIZE_bss_sound_bit           = 0000, G: 
ASMSIZE_bss_stdio               = 0000, G: 
ASMSIZE_bss_string              = 0000, G: 
ASMSIZE_bss_user                = 0000, G: 
ASMSIZE_code_adt_b_array        = 0000, G: 
ASMSIZE_code_adt_b_vector       = 0000, G: 
ASMSIZE_code_adt_ba_priority_queue = 0000, G: 
ASMSIZE_code_adt_ba_stack       = 0000, G: 
ASMSIZE_code_adt_bv_priority_queue = 0000, G: 
ASMSIZE_code_adt_bv_stack       = 0000, G: 
ASMSIZE_code_adt_p_forward_list = 0000, G: 
ASMSIZE_code_adt_p_forward_list_alt = 0000, G: 
ASMSIZE_code_adt_p_list         = 0000, G: 
ASMSIZE_code_adt_p_queue        = 0000, G: 
ASMSIZE_code_adt_p_stack        = 0000, G: 
ASMSIZE_code_adt_w_array        = 0000, G: 
ASMSIZE_code_adt_w_vector       = 0000, G: 
ASMSIZE_code_adt_wa_priority_queue = 0000, G: 
ASMSIZE_code_adt_wa_stack       = 0000, G: 
ASMSIZE_code_adt_wv_priority_queue = 0000, G: 
ASMSIZE_code_adt_wv_stack       = 0000, G: 
ASMSIZE_code_alloc_balloc       = 0000, G: 
ASMSIZE_code_alloc_obstack      = 0000, G: 
ASMSIZE_code_arch               = 0000, G: 
ASMSIZE_code_bifrost2           = 0000, G: 
ASMSIZE_code_bifrost_h          = 0000, G: 
ASMSIZE_code_bifrost_l          = 0000, G: 
ASMSIZE_code_clib               = 0000, G: 
ASMSIZE_code_compress_zx7       = 0000, G: 
ASMSIZE_code_crt_common         = 0000, G: 
ASMSIZE_code_crt_exit           = 0000, G: 
ASMSIZE_code_ctype              = 0000, G: 
ASMSIZE_code_driver             = 0000, G: 
ASMSIZE_code_driver_memstream   = 0000, G: 
ASMSIZE_code_driver_terminal_input = 0000, G: 
ASMSIZE_code_driver_terminal_output = 0000, G: 
ASMSIZE_code_driver_tty         = 0000, G: 
ASMSIZE_code_font               = 0000, G: 
ASMSIZE_code_font_fzx           = 0000, G: 
ASMSIZE_code_fp_genmath         = 0000, G: 
ASMSIZE_code_fp_math48          = 0000, G: 
ASMSIZE_code_input              = 0000, G: 
ASMSIZE_code_inttypes           = 0000, G: 
ASMSIZE_code_l_sccz80           = 0000, G: 
ASMSIZE_code_l_sdcc             = 0000, G: 
ASMSIZE_code_lib                = 0000, G: 
ASMSIZE_code_locale             = 0000, G: 
ASMSIZE_code_network            = 0000, G: 
ASMSIZE_code_nirvanam           = 0000, G: 
ASMSIZE_code_nirvanap           = 0000, G: 
ASMSIZE_code_setjmp             = 0000, G: 
ASMSIZE_code_sound_bit          = 0000, G: 
ASMSIZE_code_temp_sp1           = 0000, G: 
ASMSIZE_code_threads            = 0000, G: 
ASMSIZE_code_user               = 0000, G: 
ASMSIZE_code_z80                = 0000, G: 
ASMSIZE_data_alloc_balloc       = 0000, G: 
ASMSIZE_data_clib               = 0000, G: 
ASMSIZE_data_compiler           = 0000, G: 
ASMSIZE_data_driver             = 0000, G: 
ASMSIZE_data_font               = 0000, G: 
ASMSIZE_data_lib                = 0000, G: 
ASMSIZE_data_sound_bit          = 0000, G: 
ASMSIZE_data_stdlib             = 0000, G: 
ASMSIZE_data_user               = 0000, G: 
ASMSIZE_rodata_clib             = 0000, G: 
ASMSIZE_rodata_compiler         = 0000, G: 
ASMSIZE_rodata_driver           = 0000, G: 
ASMSIZE_rodata_fcntl            = 0000, G: 
ASMSIZE_rodata_font             = 0000, G: 
ASMSIZE_rodata_font_4x8         = 0000, G: 
ASMSIZE_rodata_font_8x8         = 0000, G: 
ASMSIZE_rodata_font_fzx         = 0000, G: 
ASMSIZE_rodata_input            = 0000, G: 
ASMSIZE_rodata_lib              = 0000, G: 
ASMSIZE_rodata_sound_bit        = 0000, G: 
ASMSIZE_rodata_stdio            = 0000, G: 
ASMSIZE_rodata_stdlib           = 0000, G: 
ASMSIZE_rodata_user             = 0000, G: 
ASMSIZE_smc_clib                = 0000, G: 
ASMSIZE_smc_compiler            = 0000, G: 
ASMSIZE_smc_driver              = 0000, G: 
ASMSIZE_smc_fcntl               = 0000, G: 
ASMSIZE_smc_font                = 0000, G: 
ASMSIZE_smc_l                   = 0000, G: 
ASMSIZE_smc_lib                 = 0000, G: 
ASMSIZE_smc_sound_bit           = 0000, G: 
ASMSIZE_smc_user                = 0000, G: 
IOCTL_RESET                     = 0000, G: s7h0_4
STDIO_SEEK_SET                  = 0000, G: s7h0_4
TAR__clib_balloc_table_size     = 0000, L: s7h0_4
TAR__clib_fopen_max             = 0000, L: s7h0_4
TAR__clib_open_max              = 0000, L: s7h0_4
TAR__clib_quickexit_stack_size  = 0000, L: s7h0_4
TAR__crt_enable_commandline     = 0000, L: s7h0_4
TAR__crt_enable_nmi             = 0000, L: s7h0_4
TAR__crt_enable_restart         = 0000, L: s7h0_4
TAR__crt_enable_rst             = 0000, L: s7h0_4
TAR__crt_initialize_bss         = 0000, L: s7h0_4
TAR__crt_model                  = 0000, L: s7h0_4
TAR__crt_org_bss                = 0000, L: s7h0_4
TAR__crt_org_code               = 0000, L: s7h0_4
TAR__crt_org_data               = 0000, L: s7h0_4
TAR__register_sp                = 0000, L: s7h0_4
__CLIB_OPT_IMATH                = 0000, L: l_divu_16_16x8
__CLIB_OPT_MULTITHREAD          = 0000, L: asm_vioctl
__CLIB_OPT_NUM2TXT              = 0000, L: asm_utoa
__CRTDEF                        = 0000, L: s7h0_4
__EOK                           = 0000, G: s7h0_4
__MMAP                          = 0000, L: s7h0_4
__clib_balloc_table_size        = 0000, L: s7h0_4
__clib_fopen_max                = 0000, L: s7h0_4
__clib_open_max                 = 0000, L: s7h0_4
__clib_quickexit_stack_size     = 0000, L: s7h0_4
__crt_initialize_bss            = 0000, L: s7h0_4
__crt_model                     = 0000, L: s7h0_4
__crt_org_bss                   = 0000, L: s7h0_4
__crt_org_code                  = 0000, L: s7h0_4
__crt_org_data                  = 0000, L: s7h0_4
__i_fcntl_fdstruct_2            = 0000, L: character_00_output_stdio_msg_writ
__quickexit_stack_size          = 0000, G: s7h0_4
startup                         = 0000, L: s7h0_4
thrd_success                    = 0000, G: s7h0_4
ASMSIZE_BSS                     = 0001, G: 
ASMSIZE_DATA                    = 0001, G: 
ASMSIZE_data_threads            = 0001, G: 
ASMSIZE_rodata_error_string_end = 0001, G: 
DEFINED_Z88DK_USES_SDCC         = 0001, L: s7h0_4
STDIO_MSG_PUTC                  = 0001, G: s7h0_4
STDIO_SEEK_CUR                  = 0001, G: s7h0_4
TAR__crt_enable_close           = 0001, L: s7h0_4
_CLIB_CFG_ASM_                  = 0001, L: asm_utoa
_CLIB_CFG_ASM_                  = 0001, L: asm_vioctl
_CLIB_CFG_ASM_                  = 0001, L: character_00_input_stdio_msg_getc
_CLIB_CFG_ASM_                  = 0001, L: character_00_input_stdio_msg_read
_CLIB_CFG_ASM_                  = 0001, L: character_00_output_ochar_putc_bin
_CLIB_CFG_ASM_                  = 0001, L: console_01_input_terminal_fdriver
_CLIB_CFG_ASM_                  = 0001, L: error_ebdfd_mc
_CLIB_CFG_ASM_                  = 0001, L: error_ebdfd_zc
_CLIB_CFG_ASM_                  = 0001, L: error_edom_mc
_CLIB_CFG_ASM_                  = 0001, L: error_einval_mc
_CLIB_CFG_ASM_                  = 0001, L: error_einval_zc
_CLIB_CFG_ASM_                  = 0001, L: error_enolck_mc
_CLIB_CFG_ASM_                  = 0001, L: error_enolck_zc
_CLIB_CFG_ASM_                  = 0001, L: error_enotsup_mc
_CLIB_CFG_ASM_                  = 0001, L: error_enotsup_zc
_CLIB_CFG_ASM_                  = 0001, L: l_divu_16_16x8
__CLIB_OPT_ERROR                = 0001, L: error_ebdfd_mc
__CLIB_OPT_ERROR                = 0001, L: error_ebdfd_zc
__CLIB_OPT_ERROR                = 0001, L: error_edom_mc
__CLIB_OPT_ERROR                = 0001, L: error_einval_mc
__CLIB_OPT_ERROR                = 0001, L: error_einval_zc
__CLIB_OPT_ERROR                = 0001, L: error_enolck_mc
__CLIB_OPT_ERROR                = 0001, L: error_enolck_zc
__CLIB_OPT_ERROR                = 0001, L: error_enotsup_mc
__CLIB_OPT_ERROR                = 0001, L: error_enotsup_zc
__EACCES                        = 0001, G: s7h0_4
__SDCC                          = 0001, L: __stdio_nextarg_bc
__SDCC                          = 0001, L: asm_utoa
__SDCC                          = 0001, L: asm_vioctl
__SDCC                          = 0001, L: character_00_input_stdio_msg_getc
__SDCC                          = 0001, L: character_00_input_stdio_msg_read
__SDCC                          = 0001, L: character_00_output_ochar_putc_bin
__SDCC                          = 0001, L: console_01_input_terminal_fdriver
__SDCC                          = 0001, L: error_ebdfd_mc
__SDCC                          = 0001, L: error_ebdfd_zc
__SDCC                          = 0001, L: error_edom_mc
__SDCC                          = 0001, L: error_einval_mc
__SDCC                          = 0001, L: error_einval_zc
__SDCC                          = 0001, L: error_enolck_mc
__SDCC                          = 0001, L: error_enolck_zc
__SDCC                          = 0001, L: error_enotsup_mc
__SDCC                          = 0001, L: error_enotsup_zc
__SDCC                          = 0001, L: l_divu_16_16x8
__SDCC_IY                       = 0001, L: __stdio_nextarg_bc
__SDCC_IY                       = 0001, L: asm_utoa
__SDCC_IY                       = 0001, L: asm_vioctl
__SDCC_IY                       = 0001, L: character_00_input_stdio_msg_getc
__SDCC_IY                       = 0001, L: character_00_input_stdio_msg_read
__SDCC_IY                       = 0001, L: character_00_output_ochar_putc_bin
__SDCC_IY                       = 0001, L: console_01_input_terminal_fdriver
__SDCC_IY                       = 0001, L: error_ebdfd_mc
__SDCC_IY                       = 0001, L: error_ebdfd_zc
__SDCC_IY                       = 0001, L: error_edom_mc
__SDCC_IY                       = 0001, L: error_einval_mc
__SDCC_IY                       = 0001, L: error_einval_zc
__SDCC_IY                       = 0001, L: error_enolck_mc
__SDCC_IY                       = 0001, L: error_enolck_zc
__SDCC_IY                       = 0001, L: error_enotsup_mc
__SDCC_IY                       = 0001, L: error_enotsup_zc
__SDCC_IY                       = 0001, L: l_divu_16_16x8
__crt_enable_close              = 0001, L: s7h0_4
mtx_plain                       = 0001, G: s7h0_4
thrd_error                      = 0001, G: s7h0_4
ASMSIZE_bss_error               = 0002, G: 
ASMSIZE_data_alloc_malloc       = 0002, G: 
ASMSIZE_data_fcntl              = 0002, G: 
ASMSIZE_data_fcntl_stdio_heap_tail = 0002, G: 
STDIO_MSG_WRIT                  = 0002, G: s7h0_4
STDIO_SEEK_END                  = 0002, G: s7h0_4
TAR__clib_exit_stack_size       = 0002, L: s7h0_4
__EBADF                         = 0002, G: s7h0_4
__clib_exit_stack_size          = 0002, L: s7h0_4
__exit_stack_size               = 0002, G: s7h0_4
mtx_recursive                   = 0002, G: s7h0_4
thrd_nomem                      = 0002, G: s7h0_4
ASMSIZE_code_crt_return         = 0003, G: 
STDIO_MSG_GETC                  = 0003, G: s7h0_4
__EBDFD                         = 0003, G: s7h0_4
__fcntl_fdtbl_size              = 0003, G: s7h0_4
STDIO_MSG_EATC                  = 0004, G: s7h0_4
__EDOM                          = 0004, G: s7h0_4
mtx_timed                       = 0004, G: s7h0_4
thrd_busy                       = 0004, G: s7h0_4
ASMSIZE_bss_compiler            = 0005, G: 
ASMSIZE_code_stdio              = 0005, G: 
STDIO_MSG_READ                  = 0005, G: s7h0_4
__EFBIG                         = 0005, G: s7h0_4
ASMSIZE_bss_stdlib              = 0006, G: 
ASMSIZE_data_fcntl_fdtable_body = 0006, G: 
ASMSIZE_data_fcntl_stdio_heap_head = 0006, G: 
STDIO_MSG_SEEK                  = 0006, G: s7h0_4
__EINVAL                        = 0006, G: s7h0_4
ASMSIZE_code_crt_main           = 0007, G: 
STDIO_MSG_ICTL                  = 0007, G: s7h0_4
__EMFILE                        = 0007, G: s7h0_4
STDIO_MSG_FLSH                  = 0008, G: s7h0_4
__ENFILE                        = 0008, G: s7h0_4
thrd_timedout                   = 0008, G: s7h0_4
STDIO_MSG_CLOS                  = 0009, G: s7h0_4
__ENOLCK                        = 0009, G: s7h0_4
CHAR_LF                         = 000A, L: character_00_input_stdio_msg_read
CHAR_LF                         = 000A, L: character_00_output_ochar_putc_bin
__ENOMEM                        = 000A, G: s7h0_4
__ENOTSUP                       = 000B, G: s7h0_4
__EOVERFLOW                     = 000C, G: s7h0_4
CHAR_CR                         = 000D, L: character_00_input_stdio_msg_getc
CHAR_CR                         = 000D, L: character_00_output_ochar_putc_bin
__ERANGE                        = 000D, G: s7h0_4
__ESTAT                         = 000E, G: s7h0_4
ICHAR_MSG_GETC                  = 000F, G: s7h0_4
ITERM_MSG_GETC                  = 000F, G: s7h0_4
__EAGAIN                        = 000F, G: s7h0_4
__EWOULDBLOCK                   = 000F, G: s7h0_4
ITERM_MSG_INTERRUPT             = 0010, G: s7h0_4
ITERM_MSG_PUTC                  = 0011, G: s7h0_4
ITERM_MSG_PRINT_CURSOR          = 0012, G: s7h0_4
ITERM_MSG_ERASE_CURSOR          = 0013, G: s7h0_4
ITERM_MSG_ERASE_CURSOR_PWD      = 0014, G: s7h0_4
ITERM_MSG_BS                    = 0015, G: s7h0_4
ITERM_MSG_BS_PWD                = 0016, G: s7h0_4
ITERM_MSG_READLINE_BEGIN        = 0017, G: s7h0_4
ITERM_MSG_READLINE_END          = 0018, G: s7h0_4
ITERM_MSG_BELL                  = 0019, G: s7h0_4
OCHAR_MSG_PUTC_BIN              = 001E, G: s7h0_4
OTERM_MSG_PUTC                  = 001E, G: s7h0_4
ASMSIZE_code_threads_mutex      = 001F, G: 
OTERM_MSG_TTY                   = 001F, G: s7h0_4
OCHAR_MSG_PUTC                  = 0020, G: s7h0_4
OTERM_MSG_PRINTC                = 0020, G: s7h0_4
OTERM_MSG_SCROLL                = 0021, G: s7h0_4
ASMSIZE_code_alloc_malloc       = 0022, G: 
OTERM_MSG_CLS                   = 0022, G: s7h0_4
OTERM_MSG_PAUSE                 = 0023, G: s7h0_4
ASMSIZE_code_crt_init           = 0024, G: 
OTERM_MSG_BELL                  = 0024, G: s7h0_4
ASMSIZE_code_driver_general     = 0025, G: 
OTERM_MSG_PSCROLL               = 0025, G: s7h0_4
ASMSIZE_rodata_error_strings    = 0026, G: 
ASMSIZE_code_string             = 0028, G: 
ASMSIZE_data_stdio              = 0039, G: 
ASMSIZE_code_math               = 003B, G: 
ASMSIZE_code_l                  = 0056, G: 
__Start                         = 006B, G: s7h0_4
ASMSIZE_code_error              = 006F, G: 
ASMHEAD_code_crt_init           = 0071, G: 
ASMSIZE_CODE                    = 0071, G: 
ASMTAIL_CODE                    = 0071, G: 
ASMSIZE_code_stdlib             = 0075, G: 
ASMSIZE_data_fcntl_stdio_heap_body = 0078, G: 
TAR__clib_stdio_heap_size       = 0080, L: s7h0_4
__clib_stdio_heap_size          = 0080, L: s7h0_4
ASMSIZE_code_driver_character_output = 0089, G: 
ASMHEAD_code_crt_main           = 0095, G: 
ASMTAIL_code_crt_init           = 0095, G: 
__Exit                          = 009B, G: s7h0_4
ASMHEAD_code_crt_exit           = 009C, G: 
ASMHEAD_code_crt_return         = 009C, G: 
ASMSIZE_code_fcntl              = 009C, G: 
ASMTAIL_code_crt_exit           = 009C, G: 
ASMTAIL_code_crt_main           = 009C, G: 
ASMHEAD_code_adt_b_array        = 009F, G: 
ASMHEAD_code_adt_b_vector       = 009F, G: 
ASMHEAD_code_adt_ba_priority_queue = 009F, G: 
ASMHEAD_code_adt_ba_stack       = 009F, G: 
ASMHEAD_code_adt_bv_priority_queue = 009F, G: 
ASMHEAD_code_adt_bv_stack       = 009F, G: 
ASMHEAD_code_adt_p_forward_list = 009F, G: 
ASMHEAD_code_adt_p_forward_list_alt = 009F, G: 
ASMHEAD_code_adt_p_list         = 009F, G: 
ASMHEAD_code_adt_p_queue        = 009F, G: 
ASMHEAD_code_adt_p_stack        = 009F, G: 
ASMHEAD_code_adt_w_array        = 009F, G: 
ASMHEAD_code_adt_w_vector       = 009F, G: 
ASMHEAD_code_adt_wa_priority_queue = 009F, G: 
ASMHEAD_code_adt_wa_stack       = 009F, G: 
ASMHEAD_code_adt_wv_priority_queue = 009F, G: 
ASMHEAD_code_adt_wv_stack       = 009F, G: 
ASMHEAD_code_alloc_balloc       = 009F, G: 
ASMHEAD_code_alloc_malloc       = 009F, G: 
ASMHEAD_code_clib               = 009F, G: 
ASMHEAD_code_crt_common         = 009F, G: 
ASMHEAD_code_driver             = 009F, G: 
ASMHEAD_code_font               = 009F, G: 
ASMTAIL_code_adt_b_array        = 009F, G: 
ASMTAIL_code_adt_b_vector       = 009F, G: 
ASMTAIL_code_adt_ba_priority_queue = 009F, G: 
ASMTAIL_code_adt_ba_stack       = 009F, G: 
ASMTAIL_code_adt_bv_priority_queue = 009F, G: 
ASMTAIL_code_adt_bv_stack       = 009F, G: 
ASMTAIL_code_adt_p_forward_list = 009F, G: 
ASMTAIL_code_adt_p_forward_list_alt = 009F, G: 
ASMTAIL_code_adt_p_list         = 009F, G: 
ASMTAIL_code_adt_p_queue        = 009F, G: 
ASMTAIL_code_adt_p_stack        = 009F, G: 
ASMTAIL_code_adt_w_array        = 009F, G: 
ASMTAIL_code_adt_w_vector       = 009F, G: 
ASMTAIL_code_adt_wa_priority_queue = 009F, G: 
ASMTAIL_code_adt_wa_stack       = 009F, G: 
ASMTAIL_code_adt_wv_priority_queue = 009F, G: 
ASMTAIL_code_adt_wv_stack       = 009F, G: 
ASMTAIL_code_alloc_balloc       = 009F, G: 
ASMTAIL_code_clib               = 009F, G: 
ASMTAIL_code_crt_common         = 009F, G: 
ASMTAIL_code_crt_return         = 009F, G: 
ASMTAIL_code_driver             = 009F, G: 
ASMTAIL_code_font               = 009F, G: 
asm_heap_init                   = 009F, G: asm_heap_init
ASMHEAD_code_alloc_obstack      = 00C1, G: 
ASMHEAD_code_arch               = 00C1, G: 
ASMHEAD_code_bifrost2           = 00C1, G: 
ASMHEAD_code_bifrost_h          = 00C1, G: 
ASMHEAD_code_bifrost_l          = 00C1, G: 
ASMHEAD_code_compress_zx7       = 00C1, G: 
ASMHEAD_code_ctype              = 00C1, G: 
ASMHEAD_code_driver_general     = 00C1, G: 
ASMTAIL_code_alloc_malloc       = 00C1, G: 
ASMTAIL_code_alloc_obstack      = 00C1, G: 
ASMTAIL_code_arch               = 00C1, G: 
ASMTAIL_code_bifrost2           = 00C1, G: 
ASMTAIL_code_bifrost_h          = 00C1, G: 
ASMTAIL_code_bifrost_l          = 00C1, G: 
ASMTAIL_code_compress_zx7       = 00C1, G: 
ASMTAIL_code_ctype              = 00C1, G: 
console_01_input_terminal_fdriver = 00C1, G: console_01_input_terminal_fdriver
console_01_output_terminal_fdriver = 00C1, G: console_01_output_terminal_fdriver
device_reset_error              = 00C9, G: device_reset_error
device_return_error             = 00D2, G: device_return_error
ASMSIZE_code_driver_character_input = 00D8, G: 
device_set_error                = 00D9, G: device_set_error
ASMHEAD_code_driver_character_input = 00E6, G: 
ASMTAIL_code_driver_general     = 00E6, G: 
zalt_00_input_sysctrl           = 00E6, G: zalt_00_input_sysctrl_driver
zalt_00_input_sysctrl_ichar_msg_getc = 00ED, L: zalt_00_input_sysctrl_driver
character_00_input              = 00F5, G: character_00_input
IOCTL_OTERM_CLS                 = 0102, G: s7h0_4
character_00_input_stdio_msg_eatc = 011B, G: character_00_input_stdio_msg_eatc
eatc_loop                       = 0120, L: character_00_input_stdio_msg_eatc
eatc_exit                       = 013A, L: character_00_input_stdio_msg_eatc
character_00_input_stdio_msg_getc = 013D, G: character_00_input_stdio_msg_getc
reject_cr                       = 0145, L: character_00_input_stdio_msg_getc
cr                              = 0156, L: character_00_input_stdio_msg_getc
character_00_input_stdio_msg_ictl = 015D, G: character_00_input_stdio_msg_ictl
_ictl_messages                  = 016B, L: character_00_input_stdio_msg_ictl
exit_error                      = 0170, L: character_00_input_stdio_msg_ictl
character_00_input_stdio_msg_read = 0172, G: character_00_input_stdio_msg_read
read_loop                       = 0173, L: character_00_input_stdio_msg_read
read_exit                       = 0189, L: character_00_input_stdio_msg_read
read_exit_error                 = 0191, L: character_00_input_stdio_msg_read
character_00_input_stdio_msg_seek = 019C, G: character_00_input_stdio_msg_seek
seek_loop                       = 01A8, L: character_00_input_stdio_msg_seek
ASMHEAD_code_driver_character_output = 01BE, G: 
ASMTAIL_code_driver_character_input = 01BE, G: 
zalt_00_output_sysctrl          = 01BE, G: zalt_00_output_sysctrl_driver
zalt_00_output_sysctrl_ochar_msg_putc = 01C5, L: zalt_00_output_sysctrl_driver
character_00_output             = 01CA, G: character_00_output
character_00_output_ochar_msg_putc_bin = 01F0, G: character_00_output_ochar_putc_bin
TAR__crt_stack_size             = 0200, L: s7h0_4
__crt_stack_size                = 0200, L: s7h0_4
IOCTL_ITERM_TIE                 = 0201, G: s7h0_4
IOCTL_OTERM_RESET_SCROLL        = 0202, G: s7h0_4
putchar                         = 0206, L: character_00_output_ochar_putc_bin
character_00_output_stdio_msg_ictl = 020A, G: character_00_output_stdio_msg_ictl
exit_error                      = 0218, L: character_00_output_stdio_msg_ictl
character_00_output_stdio_msg_putc = 021A, G: character_00_output_stdio_msg_putc
putc_loop                       = 021E, L: character_00_output_stdio_msg_putc
character_00_output_stdio_msg_writ = 022E, G: character_00_output_stdio_msg_writ
writ_loop                       = 0232, L: character_00_output_stdio_msg_writ
writ_end                        = 0243, L: character_00_output_stdio_msg_writ
ASMHEAD_code_driver_memstream   = 0247, G: 
ASMHEAD_code_driver_terminal_input = 0247, G: 
ASMHEAD_code_driver_terminal_output = 0247, G: 
ASMHEAD_code_driver_tty         = 0247, G: 
ASMHEAD_code_error              = 0247, G: 
ASMTAIL_code_driver_character_output = 0247, G: 
ASMTAIL_code_driver_memstream   = 0247, G: 
ASMTAIL_code_driver_terminal_input = 0247, G: 
ASMTAIL_code_driver_terminal_output = 0247, G: 
ASMTAIL_code_driver_tty         = 0247, G: 
error_enolck_zc                 = 0249, G: error_enolck_zc
error_enolck_mc                 = 024F, G: error_enolck_mc
errno_mc                        = 0259, G: errno_mc
ASMSIZE_code_compiler           = 0261, G: 
error_mc                        = 0264, G: error_mc
__ch_system                     = 026D, G: s7h0_4
error_zc                        = 026D, G: error_zc
_Memory_Alloc16                 = 0275, G: s7h0_1
error_znc                       = 0275, G: error_znc
error_einval_zc                 = 027E, G: error_einval_zc
error_einval_mc                 = 0284, G: error_einval_mc
error_divide_by_zero_mc         = 028A, G: error_divide_by_zero_mc
error_edom_mc                   = 028A, G: error_edom_mc
error_enotsup_zc                = 0290, G: error_enotsup_zc
error_enotsup_mc                = 0296, G: error_enotsup_mc
error_lzc                       = 029C, G: error_lzc
error_lznc                      = 02A3, G: error_lznc
error_ebdfd_zc                  = 02AA, G: error_ebdfd_zc
error_ebdfd_mc                  = 02B1, G: error_ebdfd_mc
ASMHEAD_code_fcntl              = 02B6, G: 
ASMTAIL_code_error              = 02B6, G: 
asm_vioctl                      = 02B6, G: asm_vioctl
critical_section                = 02B6, L: asm_vioctl
find_driver_loop                = 02C4, L: asm_vioctl
deliver_message                 = 02D4, L: asm_vioctl
__bool                          = 02E8, L: asm_vioctl
__setf                          = 02EF, L: asm_vioctl
forward_ioctl                   = 02FA, L: asm_vioctl
IOCTL_ITERM_SET_EDITBUF         = 0301, G: s7h0_4
IOCTL_OTERM_SET_WINDOW_COORD    = 0302, G: s7h0_4
__getf                          = 0303, L: asm_vioctl
asm_vioctl_driver               = 030E, G: asm_vioctl
__fcntl_fdchain_descend         = 032A, G: __fcntl_fdchain_descend
__fcntl_fdstruct_from_fd_2      = 0331, G: __fcntl_fdstruct_from_fd_2
__fcntl_fdstruct_from_fd_1      = 033C, G: __fcntl_fdstruct_from_fd_1
ASMHEAD_code_font_fzx           = 0352, G: 
ASMHEAD_code_fp_genmath         = 0352, G: 
ASMHEAD_code_fp_math48          = 0352, G: 
ASMHEAD_code_input              = 0352, G: 
ASMHEAD_code_inttypes           = 0352, G: 
ASMHEAD_code_l                  = 0352, G: 
ASMTAIL_code_fcntl              = 0352, G: 
ASMTAIL_code_font_fzx           = 0352, G: 
ASMTAIL_code_fp_genmath         = 0352, G: 
ASMTAIL_code_fp_math48          = 0352, G: 
ASMTAIL_code_input              = 0352, G: 
ASMTAIL_code_inttypes           = 0352, G: 
l_jpix                          = 0352, G: l_jpix
__thread_block_timeout          = 0355, G: s7h0_4
__thread_context_switch         = 0355, G: s7h0_4
__thread_unblock                = 0355, G: s7h0_4
_main                           = 0355, G: s7h0_3
l_ret                           = 0355, G: l_ret
l_setmem_hl                     = 0376, G: l_setmem_hl
l_jphl                          = 0377, G: l_jphl
l_valid_base                    = 0378, G: l_valid_base
IOCTL_ITERM_GET_EDITBUF         = 0381, G: s7h0_4
IOCTL_OTERM_GET_WINDOW_COORD    = 0382, G: s7h0_4
l_neg_hl                        = 0385, G: l_neg_hl
l_num2char                      = 038D, G: l_num2char
alpha                           = 0394, L: l_num2char
l_decu_dehl                     = 0397, G: l_decu_dehl
msw                             = 039D, L: l_decu_dehl
limit                           = 03A3, L: l_decu_dehl
ASMHEAD_code_l_sccz80           = 03A8, G: 
ASMHEAD_code_l_sdcc             = 03A8, G: 
ASMHEAD_code_locale             = 03A8, G: 
ASMHEAD_code_math               = 03A8, G: 
ASMTAIL_code_l                  = 03A8, G: 
ASMTAIL_code_l_sccz80           = 03A8, G: 
ASMTAIL_code_l_sdcc             = 03A8, G: 
ASMTAIL_code_locale             = 03A8, G: 
l_small_divu_16_16x16           = 03A9, G: l_small_divu_16_16x16
l0_small_divu_16_16x16          = 03AD, G: l_small_divu_16_16x16
divisor_sixteen_bit             = 03B1, L: l_small_divu_16_16x16
loop_16_0                       = 03B7, L: l_small_divu_16_16x16
loop_16_1                       = 03BF, L: l_small_divu_16_16x16
l_divu_16_16x8                  = 03C9, G: l_divu_16_16x8
l_small_divu_16_16x8            = 03C9, G: l_small_divu_16_16x16
l0_divu_16_16x8                 = 03CD, G: l_divu_16_16x8
l0_small_divu_16_16x8           = 03CD, G: l_small_divu_16_16x16
loop_8_0                        = 03D1, L: l_small_divu_16_16x16
loop_8_2                        = 03D8, L: l_small_divu_16_16x16
loop_8_1                        = 03DA, L: l_small_divu_16_16x16
divide_zero                     = 03DF, L: l_small_divu_16_16x16
ASMHEAD_code_network            = 03E3, G: 
ASMHEAD_code_nirvanam           = 03E3, G: 
ASMHEAD_code_nirvanap           = 03E3, G: 
ASMHEAD_code_setjmp             = 03E3, G: 
ASMHEAD_code_sound_bit          = 03E3, G: 
ASMHEAD_code_stdio              = 03E3, G: 
ASMTAIL_code_math               = 03E3, G: 
ASMTAIL_code_network            = 03E3, G: 
ASMTAIL_code_nirvanam           = 03E3, G: 
ASMTAIL_code_nirvanap           = 03E3, G: 
ASMTAIL_code_setjmp             = 03E3, G: 
ASMTAIL_code_sound_bit          = 03E3, G: 
__stdio_nextarg_bc              = 03E3, G: __stdio_nextarg_bc
ASMHEAD_code_stdlib             = 03E8, G: 
ASMTAIL_code_stdio              = 03E8, G: 
_itoa_callee                    = 03E8, G: itoa_callee
asm_exit                        = 03F0, G: asm_exit
asm0_exit                       = 03F3, G: asm_exit
loop                            = 03FF, L: asm_exit
IOCTL_OTERM_SET_WINDOW_RECT     = 0402, G: s7h0_4
asm_itoa                        = 0411, G: asm_itoa
asm0_itoa                       = 0416, G: asm_itoa
asm_utoa                        = 0432, G: asm_utoa
asm0_utoa                       = 0437, G: asm_utoa
asm1_utoa                       = 043D, G: asm_utoa
compute_lp                      = 0444, L: asm_utoa
write_lp                        = 0456, L: asm_utoa
ASMHEAD_code_string             = 045D, G: 
ASMTAIL_code_stdlib             = 045D, G: 
_strncpy_callee                 = 045D, G: strncpy_callee
_strlen_fastcall                = 0465, G: strlen_fastcall
asm_strlen                      = 0465, G: asm_strlen
asm_strncpy                     = 0470, G: asm_strncpy
loop                            = 0476, L: asm_strncpy
IOCTL_OTERM_GET_WINDOW_RECT     = 0482, G: s7h0_4
done                            = 0483, L: asm_strncpy
ASMHEAD_code_temp_sp1           = 0485, G: 
ASMHEAD_code_threads            = 0485, G: 
ASMHEAD_code_threads_mutex      = 0485, G: 
ASMTAIL_code_string             = 0485, G: 
ASMTAIL_code_temp_sp1           = 0485, G: 
ASMTAIL_code_threads            = 0485, G: 
asm_mtx_init                    = 0485, G: asm_mtx_init
unknown_type                    = 049F, L: asm_mtx_init
ASMHEAD_code_compiler           = 04A4, G: 
ASMHEAD_code_lib                = 04A4, G: 
ASMHEAD_code_z80                = 04A4, G: 
ASMTAIL_code_lib                = 04A4, G: 
ASMTAIL_code_threads_mutex      = 04A4, G: 
ASMTAIL_code_z80                = 04A4, G: 
_Thread_Init                    = 04A4, G: s7h0_
_Thread_GetCurrent              = 04AA, G: s7h0_
_StringBuilder_Construct        = 04AE, G: s7h0_2
l_StringBuilder_Construct_00102 = 04F2, L: s7h0_2
_StringBuilder_AppendString     = 04F7, G: s7h0_2
IOCTL_OTERM_SET_CURSOR_COORD    = 0502, G: s7h0_4
l_StringBuilder_AppendString_00102 = 050F, L: s7h0_2
l_StringBuilder_AppendString_00104 = 051D, L: s7h0_2
l_StringBuilder_AppendString_00106 = 0560, L: s7h0_2
IOCTL_OTERM_GET_CURSOR_COORD    = 0582, G: s7h0_4
l_StringBuilder_AppendString_00107 = 0593, L: s7h0_2
_StringBuilder_AppendChar       = 0598, G: s7h0_2
l_StringBuilder_AppendChar_00102 = 05AE, L: s7h0_2
l_StringBuilder_AppendChar_00104 = 05D7, L: s7h0_2
l_StringBuilder_AppendChar_00105 = 05F4, L: s7h0_2
_StringBuilder_AppendUint8      = 05F9, G: s7h0_2
IOCTL_OTERM_GET_OTERM           = 0602, G: s7h0_4
l_StringBuilder_AppendUint8_00102 = 0610, L: s7h0_2
l_StringBuilder_AppendUint8_00104 = 0642, L: s7h0_2
l_StringBuilder_AppendUint8_00105 = 0688, L: s7h0_2
_StringBuilder_AppendUint16     = 068D, G: s7h0_2
l_StringBuilder_AppendUint16_00102 = 06A3, L: s7h0_2
l_StringBuilder_AppendUint16_00104 = 06CC, L: s7h0_2
l_StringBuilder_AppendUint16_00105 = 0700, L: s7h0_2
IOCTL_OTERM_SCROLL              = 0702, G: s7h0_4
ASMHEAD_code_user               = 0705, G: 
ASMHEAD_rodata_clib             = 0705, G: 
ASMHEAD_rodata_driver           = 0705, G: 
ASMHEAD_rodata_error_strings    = 0705, G: 
ASMHEAD_rodata_font             = 0705, G: 
ASMTAIL_code_compiler           = 0705, G: 
ASMTAIL_code_user               = 0705, G: 
ASMTAIL_rodata_clib             = 0705, G: 
ASMTAIL_rodata_driver           = 0705, G: 
ASMTAIL_rodata_font             = 0705, G: 
ASMHEAD_rodata_error_string_end = 072B, G: 
ASMTAIL_rodata_error_strings    = 072B, G: 
ASMHEAD_CODE_END                = 072C, G: 
ASMHEAD_DATA                    = 072C, G: 
ASMHEAD_rodata_compiler         = 072C, G: 
ASMHEAD_rodata_fcntl            = 072C, G: 
ASMHEAD_rodata_font_4x8         = 072C, G: 
ASMHEAD_rodata_font_8x8         = 072C, G: 
ASMHEAD_rodata_font_fzx         = 072C, G: 
ASMHEAD_rodata_input            = 072C, G: 
ASMHEAD_rodata_lib              = 072C, G: 
ASMHEAD_rodata_sound_bit        = 072C, G: 
ASMHEAD_rodata_stdio            = 072C, G: 
ASMHEAD_rodata_stdlib           = 072C, G: 
ASMHEAD_rodata_user             = 072C, G: 
ASMTAIL_CODE_END                = 072C, G: 
ASMTAIL_rodata_compiler         = 072C, G: 
ASMTAIL_rodata_error_string_end = 072C, G: 
ASMTAIL_rodata_fcntl            = 072C, G: 
ASMTAIL_rodata_font_4x8         = 072C, G: 
ASMTAIL_rodata_font_8x8         = 072C, G: 
ASMTAIL_rodata_font_fzx         = 072C, G: 
ASMTAIL_rodata_input            = 072C, G: 
ASMTAIL_rodata_lib              = 072C, G: 
ASMTAIL_rodata_sound_bit        = 072C, G: 
ASMTAIL_rodata_stdio            = 072C, G: 
ASMTAIL_rodata_stdlib           = 072C, G: 
ASMTAIL_rodata_user             = 072C, G: 
ASMHEAD_data_alloc_balloc       = 072D, G: 
ASMHEAD_data_alloc_malloc       = 072D, G: 
ASMHEAD_data_clib               = 072D, G: 
ASMHEAD_data_driver             = 072D, G: 
ASMHEAD_data_font               = 072D, G: 
ASMHEAD_smc_clib                = 072D, G: 
ASMHEAD_smc_compiler            = 072D, G: 
ASMHEAD_smc_driver              = 072D, G: 
ASMHEAD_smc_fcntl               = 072D, G: 
ASMHEAD_smc_font                = 072D, G: 
ASMHEAD_smc_l                   = 072D, G: 
ASMHEAD_smc_lib                 = 072D, G: 
ASMHEAD_smc_sound_bit           = 072D, G: 
ASMHEAD_smc_user                = 072D, G: 
ASMTAIL_DATA                    = 072D, G: 
ASMTAIL_data_alloc_balloc       = 072D, G: 
ASMTAIL_data_clib               = 072D, G: 
ASMTAIL_data_driver             = 072D, G: 
ASMTAIL_data_font               = 072D, G: 
ASMTAIL_smc_clib                = 072D, G: 
ASMTAIL_smc_compiler            = 072D, G: 
ASMTAIL_smc_driver              = 072D, G: 
ASMTAIL_smc_fcntl               = 072D, G: 
ASMTAIL_smc_font                = 072D, G: 
ASMTAIL_smc_l                   = 072D, G: 
ASMTAIL_smc_lib                 = 072D, G: 
ASMTAIL_smc_sound_bit           = 072D, G: 
ASMTAIL_smc_user                = 072D, G: 
__malloc_heap                   = 072D, G: s7h0_4
ASMHEAD_data_fcntl              = 072F, G: 
ASMTAIL_data_alloc_malloc       = 072F, G: 
__stdio_heap                    = 072F, G: s7h0_4
ASMHEAD_data_fcntl_stdio_heap_head = 0731, G: 
ASMTAIL_data_fcntl              = 0731, G: 
__stdio_block                   = 0731, L: s7h0_4
ASMHEAD_data_fcntl_stdio_heap_body = 0737, G: 
ASMTAIL_data_fcntl_stdio_heap_head = 0737, G: 
__i_fcntl_heap_0                = 0737, L: s7h0_4
__i_fcntl_fdstruct_0            = 073D, L: s7h0_4
__i_fcntl_heap_1                = 074E, L: s7h0_4
__i_fcntl_fdstruct_1            = 0754, L: s7h0_4
__i_fcntl_fdstruct_2            = 0754, L: s7h0_4
__i_fcntl_heap_2                = 0765, L: s7h0_4
ASMHEAD_data_fcntl_stdio_heap_tail = 07AF, G: 
ASMTAIL_data_fcntl_stdio_heap_body = 07AF, G: 
__i_fcntl_heap_3                = 07AF, L: s7h0_4
ASMHEAD_data_fcntl_fdtable_body = 07B1, G: 
ASMTAIL_data_fcntl_stdio_heap_tail = 07B1, G: 
__fcntl_fdtbl                   = 07B1, G: s7h0_4
ASMHEAD_data_sound_bit          = 07B7, G: 
ASMHEAD_data_stdio              = 07B7, G: 
ASMTAIL_data_fcntl_fdtable_body = 07B7, G: 
ASMTAIL_data_sound_bit          = 07B7, G: 
_stdin                          = 07B7, G: s7h0_4
__i_stdio_file_0                = 07B9, L: s7h0_4
_stdout                         = 07C8, G: s7h0_4
__i_stdio_file_1                = 07CA, L: s7h0_4
_stderr                         = 07D9, G: s7h0_4
__i_stdio_file_2                = 07DB, L: s7h0_4
__stdio_open_file_list          = 07EA, G: s7h0_4
__stdio_closed_file_list        = 07EC, G: s7h0_4
ASMHEAD_data_stdlib             = 07F0, G: 
ASMHEAD_data_threads            = 07F0, G: 
ASMTAIL_data_stdio              = 07F0, G: 
ASMTAIL_data_stdlib             = 07F0, G: 
__thrd_id                       = 07F0, G: s7h0_4
ASMHEAD_BSS                     = 07F1, G: 
ASMHEAD_DATA_END                = 07F1, G: 
ASMHEAD_data_compiler           = 07F1, G: 
ASMHEAD_data_lib                = 07F1, G: 
ASMHEAD_data_user               = 07F1, G: 
ASMTAIL_DATA_END                = 07F1, G: 
ASMTAIL_data_compiler           = 07F1, G: 
ASMTAIL_data_lib                = 07F1, G: 
ASMTAIL_data_threads            = 07F1, G: 
ASMTAIL_data_user               = 07F1, G: 
ASMHEAD_BSS_UNINITIALIZED       = 07F2, G: 
ASMHEAD_bss_alloc_balloc        = 07F2, G: 
ASMHEAD_bss_alloc_malloc        = 07F2, G: 
ASMHEAD_bss_arch                = 07F2, G: 
ASMHEAD_bss_clib                = 07F2, G: 
ASMHEAD_bss_driver              = 07F2, G: 
ASMHEAD_bss_error               = 07F2, G: 
ASMHEAD_bss_font                = 07F2, G: 
ASMTAIL_BSS                     = 07F2, G: 
ASMTAIL_BSS_UNINITIALIZED       = 07F2, G: 
ASMTAIL_bss_alloc_balloc        = 07F2, G: 
ASMTAIL_bss_alloc_malloc        = 07F2, G: 
ASMTAIL_bss_arch                = 07F2, G: 
ASMTAIL_bss_clib                = 07F2, G: 
ASMTAIL_bss_driver              = 07F2, G: 
ASMTAIL_bss_font                = 07F2, G: 
_errno                          = 07F2, G: _errno
ASMHEAD_bss_fcntl               = 07F4, G: 
ASMHEAD_bss_input               = 07F4, G: 
ASMHEAD_bss_sound_bit           = 07F4, G: 
ASMHEAD_bss_stdio               = 07F4, G: 
ASMHEAD_bss_stdlib              = 07F4, G: 
ASMTAIL_bss_error               = 07F4, G: 
ASMTAIL_bss_fcntl               = 07F4, G: 
ASMTAIL_bss_input               = 07F4, G: 
ASMTAIL_bss_sound_bit           = 07F4, G: 
ASMTAIL_bss_stdio               = 07F4, G: 
__exit_stack                    = 07F4, G: s7h0_4
__quickexit_stack               = 07F9, G: s7h0_4
ASMHEAD_bss_compiler            = 07FA, G: 
ASMHEAD_bss_lib                 = 07FA, G: 
ASMHEAD_bss_string              = 07FA, G: 
ASMTAIL_bss_lib                 = 07FA, G: 
ASMTAIL_bss_stdlib              = 07FA, G: 
ASMTAIL_bss_string              = 07FA, G: 
_CurrentThread                  = 07FA, L: s7h0_
ASMHEAD_BSS_END                 = 07FF, G: 
ASMHEAD_IGNORE                  = 07FF, G: 
ASMHEAD_bss_user                = 07FF, G: 
ASMSIZE                         = 07FF, G: 
ASMTAIL                         = 07FF, G: 
ASMTAIL_BSS_END                 = 07FF, G: 
ASMTAIL_IGNORE                  = 07FF, G: 
ASMTAIL_bss_compiler            = 07FF, G: 
ASMTAIL_bss_user                = 07FF, G: 
IOCTL_OTERM_FONT                = 0802, G: s7h0_4
IOCTL_OTERM_FZX_SET_PAPER_COORD = 0A02, G: s7h0_4
IOCTL_OTERM_FZX_GET_PAPER_COORD = 0A82, G: s7h0_4
IOCTL_OTERM_FZX_SET_PAPER_RECT  = 0B02, G: s7h0_4
IOCTL_OTERM_FZX_GET_PAPER_RECT  = 0B82, G: s7h0_4
IOCTL_OTERM_FZX_LEFT_MARGIN     = 0C02, G: s7h0_4
IOCTL_OTERM_FZX_LINE_SPACING    = 0D02, G: s7h0_4
IOCTL_OTERM_FZX_SPACE_EXPAND    = 0E02, G: s7h0_4
IOCTL_OTERM_FZX_SET_FZX_STATE   = 0F02, G: s7h0_4
IOCTL_OTERM_FZX_GET_FZX_STATE   = 0F82, G: s7h0_4
IOCTL_ITERM_CAPS                = C009, G: s7h0_4
IOCTL_ITERM_COOK                = C011, G: s7h0_4
IOCTL_OTERM_CRLF                = C012, G: s7h0_4
IOCTL_OCHAR_CRLF                = C014, G: s7h0_4
IOCTL_ITERM_LINE                = C021, G: s7h0_4
IOCTL_OTERM_COOK                = C022, G: s7h0_4
IOCTL_ITERM_PASS                = C041, G: s7h0_4
IOCTL_OTERM_PAUSE               = C042, G: s7h0_4
IOCTL_ITERM_ECHO                = C081, G: s7h0_4
IOCTL_OTERM_PAGE                = C082, G: s7h0_4
IOCTL_ITERM_CRLF                = C101, G: s7h0_4
IOCTL_OTERM_BELL                = C102, G: s7h0_4
IOCTL_ICHAR_CRLF                = C103, G: s7h0_4
IOCTL_ITERM_CURS                = C201, G: s7h0_4
IOCTL_OTERM_SIGNAL              = C202, G: s7h0_4
IOCTL_OTERM_CLEAR               = E002, G: s7h0_4
