ASMHEAD                         = 0000, G: 
ASMHEAD_a00                     = 0000, G: 
ASMHEAD_a08                     = 0008, G: 
ASMHEAD_a10                     = 0010, G: 
ASMHEAD_a18                     = 0018, G: 
ASMHEAD_a20                     = 0020, G: 
ASMHEAD_a28                     = 0028, G: 
ASMHEAD_a30                     = 0030, G: 
ASMHEAD_a38                     = 0038, G: 
ASMHEAD_a66                     = 0066, G: 
ASMHEAD_bios                    = 0180, G: 
ASMHEAD_bios_memory             = 019D, G: 
ASMHEAD_bios_vars               = 0040, G: 
ASMHEAD_isr_vector_table        = 0100, G: 
ASMSIZE                         = 01B6, G: 
ASMSIZE_a00                     = 0004, G: 
ASMSIZE_a08                     = 0003, G: 
ASMSIZE_a10                     = 0003, G: 
ASMSIZE_a18                     = 0003, G: 
ASMSIZE_a20                     = 0003, G: 
ASMSIZE_a28                     = 0003, G: 
ASMSIZE_a30                     = 0003, G: 
ASMSIZE_a38                     = 0003, G: 
ASMSIZE_a66                     = 0002, G: 
ASMSIZE_bios                    = 001D, G: 
ASMSIZE_bios_memory             = 0019, G: 
ASMSIZE_bios_vars               = 0003, G: 
ASMSIZE_isr_vector_table        = 0080, G: 
ASMTAIL                         = 01B6, G: 
ASMTAIL_a00                     = 0004, G: 
ASMTAIL_a08                     = 000B, G: 
ASMTAIL_a10                     = 0013, G: 
ASMTAIL_a18                     = 001B, G: 
ASMTAIL_a20                     = 0023, G: 
ASMTAIL_a28                     = 002B, G: 
ASMTAIL_a30                     = 0033, G: 
ASMTAIL_a38                     = 003B, G: 
ASMTAIL_a66                     = 0068, G: 
ASMTAIL_bios                    = 019D, G: 
ASMTAIL_bios_memory             = 01B6, G: 
ASMTAIL_bios_vars               = 0043, G: 
ASMTAIL_isr_vector_table        = 0180, G: 
BiosFn1                         = 0068, L: page0
BiosFn2                         = 0068, L: page0
BiosFn3                         = 0068, L: page0
BiosFn4                         = 0068, L: page0
BiosFn5                         = 0068, L: page0
BiosFn6                         = 0068, L: page0
BiosFn7                         = 0068, L: page0
bios_memory_determine_top       = 019D, G: page0
bios_memory_init                = 01B3, G: page0
bios_memory_page_init           = 01B4, G: page0
bios_memory_page_switch         = 01B5, G: page0
bios_reset_init                 = 0182, G: page0
bios_var_base                   = 0040, L: page0
bios_var_ram_page               = 0042, L: page0
bios_var_ram_top                = 0040, L: page0
isr_null_vector                 = 0180, G: page0
isr_table_address               = 0100, L: page0
isr_table_index                 = 0001, G: page0
memdettop_entry                 = 01A9, L: page0
memdettop_loop                  = 01A7, L: page0
resetWarm                       = 0198, L: page0


ASMHEAD                         = 0000, G: 
ASMHEAD_a00                     = 0000, G: 
isr_table_index                 = 0001, G: page0
ASMSIZE_a66                     = 0002, G: 
ASMSIZE_a08                     = 0003, G: 
ASMSIZE_a10                     = 0003, G: 
ASMSIZE_a18                     = 0003, G: 
ASMSIZE_a20                     = 0003, G: 
ASMSIZE_a28                     = 0003, G: 
ASMSIZE_a30                     = 0003, G: 
ASMSIZE_a38                     = 0003, G: 
ASMSIZE_bios_vars               = 0003, G: 
ASMSIZE_a00                     = 0004, G: 
ASMTAIL_a00                     = 0004, G: 
ASMHEAD_a08                     = 0008, G: 
ASMTAIL_a08                     = 000B, G: 
ASMHEAD_a10                     = 0010, G: 
ASMTAIL_a10                     = 0013, G: 
ASMHEAD_a18                     = 0018, G: 
ASMSIZE_bios_memory             = 0019, G: 
ASMTAIL_a18                     = 001B, G: 
ASMSIZE_bios                    = 001D, G: 
ASMHEAD_a20                     = 0020, G: 
ASMTAIL_a20                     = 0023, G: 
ASMHEAD_a28                     = 0028, G: 
ASMTAIL_a28                     = 002B, G: 
ASMHEAD_a30                     = 0030, G: 
ASMTAIL_a30                     = 0033, G: 
ASMHEAD_a38                     = 0038, G: 
ASMTAIL_a38                     = 003B, G: 
ASMHEAD_bios_vars               = 0040, G: 
bios_var_base                   = 0040, L: page0
bios_var_ram_top                = 0040, L: page0
bios_var_ram_page               = 0042, L: page0
ASMTAIL_bios_vars               = 0043, G: 
ASMHEAD_a66                     = 0066, G: 
ASMTAIL_a66                     = 0068, G: 
BiosFn1                         = 0068, L: page0
BiosFn2                         = 0068, L: page0
BiosFn3                         = 0068, L: page0
BiosFn4                         = 0068, L: page0
BiosFn5                         = 0068, L: page0
BiosFn6                         = 0068, L: page0
BiosFn7                         = 0068, L: page0
ASMSIZE_isr_vector_table        = 0080, G: 
ASMHEAD_isr_vector_table        = 0100, G: 
isr_table_address               = 0100, L: page0
ASMHEAD_bios                    = 0180, G: 
ASMTAIL_isr_vector_table        = 0180, G: 
isr_null_vector                 = 0180, G: page0
bios_reset_init                 = 0182, G: page0
resetWarm                       = 0198, L: page0
ASMHEAD_bios_memory             = 019D, G: 
ASMTAIL_bios                    = 019D, G: 
bios_memory_determine_top       = 019D, G: page0
memdettop_loop                  = 01A7, L: page0
memdettop_entry                 = 01A9, L: page0
bios_memory_init                = 01B3, G: page0
bios_memory_page_init           = 01B4, G: page0
bios_memory_page_switch         = 01B5, G: page0
ASMSIZE                         = 01B6, G: 
ASMTAIL                         = 01B6, G: 
ASMTAIL_bios_memory             = 01B6, G: 
